[bisect2] host uc2n601.localdomain, job 6869712, 2026-09-11T19:30:15+02:00
[bisect2] repo /pfs/work9/workspace/scratch/st_ac136362-hex3d/domain_partition_3D
[bisect2] data /pfs/work9/workspace/scratch/st_ac136362-eigenfreq/enroot-data
[bisect2] ef   /home/st/st_us-042020/st_ac136362/eigenfrequencies
[bisect2] img  /pfs/work9/workspace/scratch/st_ac136362-eigenfreq/enroot-images/dtOO.sqsh
[bisect2] enroot 4.1.0
[bisect2] --- step0 host checks --- 2026-09-11T19:30:15+02:00
du: cannot read directory '/pfs/work9/workspace/scratch/st_ac136362-eigenfreq/enroot-data/dtOO/home/st/st_us-042020/st_ac136362/eigenfrequencies': Permission denied
du: cannot read directory '/pfs/work9/workspace/scratch/st_ac136362-eigenfreq/enroot-data/dtOO/scratch/slurm_tmpdir/job_6831529/island-000-generation-000001-trial-004': Permission denied
du: cannot read directory '/pfs/work9/workspace/scratch/st_ac136362-eigenfreq/enroot-data/dtOO/scratch/slurm_tmpdir/job_6831529/island-001-generation-000001-trial-005': Permission denied
du: cannot read directory '/pfs/work9/workspace/scratch/st_ac136362-eigenfreq/enroot-data/dtOO/scratch/slurm_tmpdir/job_6831529/island-001-generation-000001-trial-004': Permission denied
du: cannot read directory '/pfs/work9/workspace/scratch/st_ac136362-eigenfreq/enroot-data/dtOO/scratch/slurm_tmpdir/job_6831529/island-000-generation-000001-trial-000': Permission denied
du: cannot read directory '/pfs/work9/workspace/scratch/st_ac136362-eigenfreq/enroot-data/dtOO/scratch/slurm_tmpdir/job_6831529/island-001-generation-000001-trial-003': Permission denied
du: cannot read directory '/pfs/work9/workspace/scratch/st_ac136362-eigenfreq/enroot-data/dtOO/scratch/slurm_tmpdir/job_6831529/island-000-generation-000001-trial-006': Permission denied
du: cannot read directory '/pfs/work9/workspace/scratch/st_ac136362-eigenfreq/enroot-data/dtOO/scratch/slurm_tmpdir/job_6831529/island-000-generation-000001-trial-003': Permission denied
du: cannot read directory '/pfs/work9/workspace/scratch/st_ac136362-eigenfreq/enroot-data/dtOO/scratch/slurm_tmpdir/job_6831529/island-000-generation-000001-trial-005': Permission denied
du: cannot read directory '/pfs/work9/workspace/scratch/st_ac136362-eigenfreq/enroot-data/dtOO/scratch/slurm_tmpdir/job_6831529/island-001-generation-000001-trial-002': Permission denied
du: cannot read directory '/pfs/work9/workspace/scratch/st_ac136362-eigenfreq/enroot-data/dtOO/scratch/slurm_tmpdir/job_6831529/island-001-generation-000001-trial-001': Permission denied
du: cannot read directory '/pfs/work9/workspace/scratch/st_ac136362-eigenfreq/enroot-data/dtOO/scratch/slurm_tmpdir/job_6831529/island-001-generation-000001-trial-000': Permission denied
du: cannot read directory '/pfs/work9/workspace/scratch/st_ac136362-eigenfreq/enroot-data/dtOO/scratch/slurm_tmpdir/job_6831529/island-000-generation-000001-trial-001': Permission denied
du: cannot read directory '/pfs/work9/workspace/scratch/st_ac136362-eigenfreq/enroot-data/dtOO/scratch/slurm_tmpdir/job_6831529/island-000-generation-000001-trial-002': Permission denied
du: cannot read directory '/pfs/work9/workspace/scratch/st_ac136362-eigenfreq/enroot-data/dtOO/scratch/slurm_tmpdir/job_6823194/island-001-initial-003': Permission denied
du: cannot read directory '/pfs/work9/workspace/scratch/st_ac136362-eigenfreq/enroot-data/dtOO/scratch/slurm_tmpdir/job_6823194/island-000-generation-000001-trial-000': Permission denied
du: cannot read directory '/pfs/work9/workspace/scratch/st_ac136362-eigenfreq/enroot-data/dtOO/scratch/slurm_tmpdir/job_6823194/island-001-initial-005': Permission denied
du: cannot read directory '/pfs/work9/workspace/scratch/st_ac136362-eigenfreq/enroot-data/dtOO/scratch/slurm_tmpdir/job_6823194/island-001-initial-006': Permission denied
du: cannot read directory '/pfs/work9/workspace/scratch/st_ac136362-eigenfreq/enroot-data/dtOO/scratch/slurm_tmpdir/job_6823194/island-001-generation-000001-trial-000': Permission denied
du: cannot read directory '/pfs/work9/workspace/scratch/st_ac136362-eigenfreq/enroot-data/dtOO/scratch/slurm_tmpdir/job_6823194/island-001-initial-007': Permission denied
du: cannot read directory '/pfs/work9/workspace/scratch/st_ac136362-eigenfreq/enroot-data/dtOO/scratch/slurm_tmpdir/job_6823194/island-001-initial-004': Permission denied
du: cannot read directory '/pfs/work9/workspace/scratch/st_ac136362-eigenfreq/enroot-data/dtOO/scratch/slurm_tmpdir/job_6823194/island-001-initial-002': Permission denied
du: cannot read directory '/pfs/work9/workspace/scratch/st_ac136362-eigenfreq/enroot-data/dtOO/scratch/slurm_tmpdir/job_6823029/island-000-initial-007': Permission denied
du: cannot read directory '/pfs/work9/workspace/scratch/st_ac136362-eigenfreq/enroot-data/dtOO/scratch/slurm_tmpdir/job_6823029/island-001-initial-000': Permission denied
du: cannot read directory '/pfs/work9/workspace/scratch/st_ac136362-eigenfreq/enroot-data/dtOO/scratch/slurm_tmpdir/job_6823029/island-001-initial-001': Permission denied
du: cannot read directory '/pfs/work9/workspace/scratch/st_ac136362-eigenfreq/enroot-data/dtOO/scratch/slurm_tmpdir/job_6823029/island-001-initial-002': Permission denied
du: cannot read directory '/pfs/work9/workspace/scratch/st_ac136362-eigenfreq/enroot-data/dtOO/pfs/work9/workspace/scratch/st_ac136362-eigenfreq/runs/tistos-combined-dev-local/island-000-initial-001': Permission denied
du: cannot read directory '/pfs/work9/workspace/scratch/st_ac136362-eigenfreq/enroot-data/dtOO/pfs/work9/workspace/scratch/st_ac136362-eigenfreq/runs/tistos-combined-dev-local/island-000-initial-000': Permission denied
du: cannot read directory '/pfs/work9/workspace/scratch/st_ac136362-eigenfreq/enroot-data/dtOO/pfs/work9/workspace/scratch/st_ac136362-eigenfreq/runs/tistos-freq-only-dev-local/island-000-initial-006': Permission denied
du: cannot read directory '/pfs/work9/workspace/scratch/st_ac136362-eigenfreq/enroot-data/dtOO/pfs/work9/workspace/scratch/st_ac136362-eigenfreq/runs/tistos-freq-only-dev-local/island-000-generation-000002-trial-000': Permission denied
du: cannot read directory '/pfs/work9/workspace/scratch/st_ac136362-eigenfreq/enroot-data/dtOO/pfs/work9/workspace/scratch/st_ac136362-eigenfreq/runs/tistos-freq-only-dev-local/island-000-initial-005': Permission denied
du: cannot read directory '/pfs/work9/workspace/scratch/st_ac136362-eigenfreq/enroot-data/dtOO/pfs/work9/workspace/scratch/st_ac136362-eigenfreq/runs/tistos-freq-only-dev-local/island-001-generation-000002-trial-000': Permission denied
du: cannot read directory '/pfs/work9/workspace/scratch/st_ac136362-eigenfreq/enroot-data/dtOO/pfs/work9/workspace/scratch/st_ac136362-eigenfreq/runs/tistos-freq-only-dev-local/island-000-generation-000001-trial-004': Permission denied
du: cannot read directory '/pfs/work9/workspace/scratch/st_ac136362-eigenfreq/enroot-data/dtOO/pfs/work9/workspace/scratch/st_ac136362-eigenfreq/runs/tistos-freq-only-dev-local/island-001-generation-000002-trial-005': Permission denied
du: cannot read directory '/pfs/work9/workspace/scratch/st_ac136362-eigenfreq/enroot-data/dtOO/pfs/work9/workspace/scratch/st_ac136362-eigenfreq/runs/tistos-freq-only-dev-local/island-001-initial-003': Permission denied
du: cannot read directory '/pfs/work9/workspace/scratch/st_ac136362-eigenfreq/enroot-data/dtOO/pfs/work9/workspace/scratch/st_ac136362-eigenfreq/runs/tistos-freq-only-dev-local/island-000-initial-001': Permission denied
du: cannot read directory '/pfs/work9/workspace/scratch/st_ac136362-eigenfreq/enroot-data/dtOO/pfs/work9/workspace/scratch/st_ac136362-eigenfreq/runs/tistos-freq-only-dev-local/island-000-generation-000002-trial-005': Permission denied
du: cannot read directory '/pfs/work9/workspace/scratch/st_ac136362-eigenfreq/enroot-data/dtOO/pfs/work9/workspace/scratch/st_ac136362-eigenfreq/runs/tistos-freq-only-dev-local/island-000-generation-000002-trial-004': Permission denied
du: cannot read directory '/pfs/work9/workspace/scratch/st_ac136362-eigenfreq/enroot-data/dtOO/pfs/work9/workspace/scratch/st_ac136362-eigenfreq/runs/tistos-freq-only-dev-local/island-001-generation-000001-trial-005': Permission denied
du: cannot read directory '/pfs/work9/workspace/scratch/st_ac136362-eigenfreq/enroot-data/dtOO/pfs/work9/workspace/scratch/st_ac136362-eigenfreq/runs/tistos-freq-only-dev-local/island-001-generation-000001-trial-004': Permission denied
du: cannot read directory '/pfs/work9/workspace/scratch/st_ac136362-eigenfreq/enroot-data/dtOO/pfs/work9/workspace/scratch/st_ac136362-eigenfreq/runs/tistos-freq-only-dev-local/island-000-generation-000001-trial-000': Permission denied
du: cannot read directory '/pfs/work9/workspace/scratch/st_ac136362-eigenfreq/enroot-data/dtOO/pfs/work9/workspace/scratch/st_ac136362-eigenfreq/runs/tistos-freq-only-dev-local/island-001-generation-000002-trial-006': Permission denied
du: cannot read directory '/pfs/work9/workspace/scratch/st_ac136362-eigenfreq/enroot-data/dtOO/pfs/work9/workspace/scratch/st_ac136362-eigenfreq/runs/tistos-freq-only-dev-local/island-001-generation-000001-trial-003': Permission denied
du: cannot read directory '/pfs/work9/workspace/scratch/st_ac136362-eigenfreq/enroot-data/dtOO/pfs/work9/workspace/scratch/st_ac136362-eigenfreq/runs/tistos-freq-only-dev-local/island-000-generation-000002-trial-003': Permission denied
du: cannot read directory '/pfs/work9/workspace/scratch/st_ac136362-eigenfreq/enroot-data/dtOO/pfs/work9/workspace/scratch/st_ac136362-eigenfreq/runs/tistos-freq-only-dev-local/island-001-generation-000002-trial-007': Permission denied
du: cannot read directory '/pfs/work9/workspace/scratch/st_ac136362-eigenfreq/enroot-data/dtOO/pfs/work9/workspace/scratch/st_ac136362-eigenfreq/runs/tistos-freq-only-dev-local/island-000-generation-000001-trial-006': Permission denied
du: cannot read directory '/pfs/work9/workspace/scratch/st_ac136362-eigenfreq/enroot-data/dtOO/pfs/work9/workspace/scratch/st_ac136362-eigenfreq/runs/tistos-freq-only-dev-local/island-000-generation-000001-trial-003': Permission denied
du: cannot read directory '/pfs/work9/workspace/scratch/st_ac136362-eigenfreq/enroot-data/dtOO/pfs/work9/workspace/scratch/st_ac136362-eigenfreq/runs/tistos-freq-only-dev-local/island-000-initial-000': Permission denied
du: cannot read directory '/pfs/work9/workspace/scratch/st_ac136362-eigenfreq/enroot-data/dtOO/pfs/work9/workspace/scratch/st_ac136362-eigenfreq/runs/tistos-freq-only-dev-local/island-001-generation-000002-trial-001': Permission denied
du: cannot read directory '/pfs/work9/workspace/scratch/st_ac136362-eigenfreq/enroot-data/dtOO/pfs/work9/workspace/scratch/st_ac136362-eigenfreq/runs/tistos-freq-only-dev-local/island-001-generation-000001-trial-006': Permission denied
du: cannot read directory '/pfs/work9/workspace/scratch/st_ac136362-eigenfreq/enroot-data/dtOO/pfs/work9/workspace/scratch/st_ac136362-eigenfreq/runs/tistos-freq-only-dev-local/island-000-generation-000002-trial-001': Permission denied
du: cannot read directory '/pfs/work9/workspace/scratch/st_ac136362-eigenfreq/enroot-data/dtOO/pfs/work9/workspace/scratch/st_ac136362-eigenfreq/runs/tistos-freq-only-dev-local/island-000-initial-007': Permission denied
du: cannot read directory '/pfs/work9/workspace/scratch/st_ac136362-eigenfreq/enroot-data/dtOO/pfs/work9/workspace/scratch/st_ac136362-eigenfreq/runs/tistos-freq-only-dev-local/island-000-generation-000002-trial-007': Permission denied
du: cannot read directory '/pfs/work9/workspace/scratch/st_ac136362-eigenfreq/enroot-data/dtOO/pfs/work9/workspace/scratch/st_ac136362-eigenfreq/runs/tistos-freq-only-dev-local/island-000-generation-000001-trial-005': Permission denied
du: cannot read directory '/pfs/work9/workspace/scratch/st_ac136362-eigenfreq/enroot-data/dtOO/pfs/work9/workspace/scratch/st_ac136362-eigenfreq/runs/tistos-freq-only-dev-local/island-001-generation-000001-trial-002': Permission denied
du: cannot read directory '/pfs/work9/workspace/scratch/st_ac136362-eigenfreq/enroot-data/dtOO/pfs/work9/workspace/scratch/st_ac136362-eigenfreq/runs/tistos-freq-only-dev-local/island-000-initial-003': Permission denied
du: cannot read directory '/pfs/work9/workspace/scratch/st_ac136362-eigenfreq/enroot-data/dtOO/pfs/work9/workspace/scratch/st_ac136362-eigenfreq/runs/tistos-freq-only-dev-local/island-001-initial-000': Permission denied
du: cannot read directory '/pfs/work9/workspace/scratch/st_ac136362-eigenfreq/enroot-data/dtOO/pfs/work9/workspace/scratch/st_ac136362-eigenfreq/runs/tistos-freq-only-dev-local/island-001-initial-001': Permission denied
du: cannot read directory '/pfs/work9/workspace/scratch/st_ac136362-eigenfreq/enroot-data/dtOO/pfs/work9/workspace/scratch/st_ac136362-eigenfreq/runs/tistos-freq-only-dev-local/island-001-initial-005': Permission denied
du: cannot read directory '/pfs/work9/workspace/scratch/st_ac136362-eigenfreq/enroot-data/dtOO/pfs/work9/workspace/scratch/st_ac136362-eigenfreq/runs/tistos-freq-only-dev-local/island-001-initial-006': Permission denied
du: cannot read directory '/pfs/work9/workspace/scratch/st_ac136362-eigenfreq/enroot-data/dtOO/pfs/work9/workspace/scratch/st_ac136362-eigenfreq/runs/tistos-freq-only-dev-local/island-001-generation-000001-trial-001': Permission denied
du: cannot read directory '/pfs/work9/workspace/scratch/st_ac136362-eigenfreq/enroot-data/dtOO/pfs/work9/workspace/scratch/st_ac136362-eigenfreq/runs/tistos-freq-only-dev-local/island-001-generation-000002-trial-004': Permission denied
du: cannot read directory '/pfs/work9/workspace/scratch/st_ac136362-eigenfreq/enroot-data/dtOO/pfs/work9/workspace/scratch/st_ac136362-eigenfreq/runs/tistos-freq-only-dev-local/island-001-generation-000001-trial-000': Permission denied
du: cannot read directory '/pfs/work9/workspace/scratch/st_ac136362-eigenfreq/enroot-data/dtOO/pfs/work9/workspace/scratch/st_ac136362-eigenfreq/runs/tistos-freq-only-dev-local/island-000-initial-002': Permission denied
du: cannot read directory '/pfs/work9/workspace/scratch/st_ac136362-eigenfreq/enroot-data/dtOO/pfs/work9/workspace/scratch/st_ac136362-eigenfreq/runs/tistos-freq-only-dev-local/island-000-generation-000002-trial-002': Permission denied
du: cannot read directory '/pfs/work9/workspace/scratch/st_ac136362-eigenfreq/enroot-data/dtOO/pfs/work9/workspace/scratch/st_ac136362-eigenfreq/runs/tistos-freq-only-dev-local/island-000-generation-000001-trial-007': Permission denied
du: cannot read directory '/pfs/work9/workspace/scratch/st_ac136362-eigenfreq/enroot-data/dtOO/pfs/work9/workspace/scratch/st_ac136362-eigenfreq/runs/tistos-freq-only-dev-local/island-000-initial-004': Permission denied
du: cannot read directory '/pfs/work9/workspace/scratch/st_ac136362-eigenfreq/enroot-data/dtOO/pfs/work9/workspace/scratch/st_ac136362-eigenfreq/runs/tistos-freq-only-dev-local/island-001-generation-000002-trial-003': Permission denied
du: cannot read directory '/pfs/work9/workspace/scratch/st_ac136362-eigenfreq/enroot-data/dtOO/pfs/work9/workspace/scratch/st_ac136362-eigenfreq/runs/tistos-freq-only-dev-local/island-000-generation-000001-trial-001': Permission denied
du: cannot read directory '/pfs/work9/workspace/scratch/st_ac136362-eigenfreq/enroot-data/dtOO/pfs/work9/workspace/scratch/st_ac136362-eigenfreq/runs/tistos-freq-only-dev-local/island-001-initial-007': Permission denied
du: cannot read directory '/pfs/work9/workspace/scratch/st_ac136362-eigenfreq/enroot-data/dtOO/pfs/work9/workspace/scratch/st_ac136362-eigenfreq/runs/tistos-freq-only-dev-local/island-001-generation-000001-trial-007': Permission denied
du: cannot read directory '/pfs/work9/workspace/scratch/st_ac136362-eigenfreq/enroot-data/dtOO/pfs/work9/workspace/scratch/st_ac136362-eigenfreq/runs/tistos-freq-only-dev-local/island-001-generation-000002-trial-002': Permission denied
du: cannot read directory '/pfs/work9/workspace/scratch/st_ac136362-eigenfreq/enroot-data/dtOO/pfs/work9/workspace/scratch/st_ac136362-eigenfreq/runs/tistos-freq-only-dev-local/island-000-generation-000002-trial-006': Permission denied
du: cannot read directory '/pfs/work9/workspace/scratch/st_ac136362-eigenfreq/enroot-data/dtOO/pfs/work9/workspace/scratch/st_ac136362-eigenfreq/runs/tistos-freq-only-dev-local/island-000-generation-000001-trial-002': Permission denied
du: cannot read directory '/pfs/work9/workspace/scratch/st_ac136362-eigenfreq/enroot-data/dtOO/pfs/work9/workspace/scratch/st_ac136362-eigenfreq/runs/tistos-freq-only-dev-local/island-001-initial-004': Permission denied
du: cannot read directory '/pfs/work9/workspace/scratch/st_ac136362-eigenfreq/enroot-data/dtOO/pfs/work9/workspace/scratch/st_ac136362-eigenfreq/runs/tistos-freq-only-dev-local/island-001-initial-002': Permission denied
6.4G	/pfs/work9/workspace/scratch/st_ac136362-eigenfreq/enroot-data/dtOO
[bisect2] step0 du rc=1
owner=st_ac136362 group=st_us-042020 mode=755
[bisect2] unreadable entries (maxdepth 4): 35
│ ├─/sys/firmware/efi/efivars                           efivarfs                                                                                                                                                 efivarfs
├─/boot/efi                                             /dev/nvme0n1p1                                                                                                                                           vfat
[bisect2] enroot list: dolfinx
[bisect2] enroot list: dtOO
[bisect2] --- step1 start+rc --- 2026-09-11T19:33:07+02:00
STEP1-OK
[bisect2] --- step1 start+rc rc=0 --- 2026-09-11T19:33:10+02:00
[bisect2] --- step2 mounts-only --- 2026-09-11T19:33:10+02:00
MOUNT-OK
[bisect2] --- step2 mounts-only rc=0 --- 2026-09-11T19:33:12+02:00
[bisect2] mounts are fine; skipping step3/4
[bisect2] --- step5 source-no-mounts --- 2026-09-11T19:33:12+02:00
SOURCED-NOMOUNT-OK
[bisect2] --- step5 source-no-mounts rc=0 --- 2026-09-11T19:33:15+02:00
[bisect2] --- step6 source+both-mounts --- 2026-09-11T19:33:15+02:00
SOURCED-OK
[bisect2] --- step6 source+both-mounts rc=0 --- 2026-09-11T19:33:17+02:00
[bisect2] --- step7 export smoke (600 s) --- 2026-09-11T19:33:17+02:00
/usr/lib/openfoam/openfoam2606/etc/config.sh/functions: line 73: cd: /repo: No such file or directory
python3.13: can't open file '/root/experimentell/hex3d_algohex/scripts/generate_machines.py': [Errno 2] No such file or directory
bash: line 1: cd: /repo: No such file or directory
python3.13: can't open file '/root/experimentell/hex3d_algohex/scripts/generate_machines.py': [Errno 2] No such file or directory
srun: error: uc2n601: task 0: Exited with exit code 2
[bisect2] --- step7 rc=2 --- 2026-09-11T19:33:22+02:00
[bisect2] mesh.msh after smoke: 0
[bisect2] ================ summary ================
[bisect2] r1=0 start | r2=0 mounts | rc4=n/a fresh-create | r5=0 source | r6=0 source+mounts | r7=2 export
[bisect2] first rc=124 (or kill) names the culprit; interpret top-down.
[bisect2] log /pfs/work9/workspace/scratch/st_ac136362-hex3d/domain_partition_3D/experimentell/hex3d_algohex/logs/dtoo_bisect2_6869712.log
[bisect2] commit it: git add experimentell/hex3d_algohex/logs && git commit -m 'cluster: dtoo bisect2 job 6869712 log'
[2026-09-11T19:33:44.332] error: *** JOB 6869712 ON uc2n601 CANCELLED AT 2026-09-11T19:33:44 DUE to SIGNAL Terminated ***

============================= JOB FEEDBACK =============================

NodeName=uc2n601
Job ID: 6869712
Cluster: uc3
User/Group: st_ac136362/st_us-042020
State: CANCELLED (exit code 0)
Nodes: 1
Cores per node: 8
CPU Utilized: 00:00:27
CPU Efficiency: 1.54% of 00:29:12 core-walltime
Job Wall-clock time: 00:03:39
Memory Utilized: 42.82 MB
Memory Efficiency: 0.26% of 16.00 GB (16.00 GB/node)
