[dtoo] host uc2n601.localdomain, job 6870688, 1 cores
[dtoo] repo /pfs/work9/workspace/scratch/st_ac136362-hex3d/domain_partition_3D
[dtoo] image /pfs/work9/workspace/scratch/st_ac136362-eigenfreq/enroot-images/dtOO.sqsh
[dtoo] container dtOO already unpacked, skipping
srun: Job step aborted: Waiting up to 32 seconds for job step to finish.
[2026-09-11T21:52:49.025] error: *** JOB 6870688 ON uc2n601 CANCELLED AT 2026-09-11T21:52:49 DUE TO TIME LIMIT ***
[2026-09-11T21:52:49.025] error: *** STEP 6870688.0 ON uc2n601 CANCELLED AT 2026-09-11T21:52:49 DUE TO TIME LIMIT ***

============================= JOB FEEDBACK =============================

NodeName=uc2n601
Job ID: 6870688
Cluster: uc3
User/Group: st_ac136362/st_us-042020
State: TIMEOUT (exit code 0)
Nodes: 1
Cores per node: 8
CPU Utilized: 00:16:55
CPU Efficiency: 6.97% of 04:02:32 core-walltime
Job Wall-clock time: 00:30:19
Memory Utilized: 1.09 GB
Memory Efficiency: 6.82% of 16.00 GB (16.00 GB/node)
