[gen] host uc2n669.localdomain, job 7085497
[gen] NS='2000' PAR=48 PARALLEL=48 OMP_NUM_THREADS=2 GROW=1
[gen] python for draws: /home/st/st_us-042020/st_ac136362/venvs/hydroflow/bin/python
[gen] eigenfrequencies: /home/st/st_us-042020/st_ac136362/eigenfrequencies
[gen] ================ round 1 (14388s to walltime) ================
[gen] growing the machine set
[2026-09-20T22:10:47.655] error: *** JOB 7085497 ON uc2n669 CANCELLED AT 2026-09-20T22:10:47 DUE to SIGNAL Terminated ***

============================= JOB FEEDBACK =============================

NodeName=uc2n669
Job ID: 7085497
Cluster: uc3
User/Group: st_ac136362/st_us-042020
State: CANCELLED (exit code 0)
Nodes: 1
Cores per node: 32
CPU Utilized: 00:00:01
CPU Efficiency: 0.00% of 3-10:55:28 core-walltime
Job Wall-clock time: 02:35:29
Memory Utilized: 508.51 MB
Memory Efficiency: 0.39% of 128.00 GB (128.00 GB/node)
