[gen] host uc3n024.localdomain, job 7085491
[gen] NS='2000' PAR=48 PARALLEL=48 OMP_NUM_THREADS=2 GROW=1
[gen] python for draws: /home/st/st_us-042020/st_ac136362/venvs/hydroflow/bin/python
[gen] eigenfrequencies: /home/st/st_us-042020/st_ac136362/eigenfrequencies
[gen] ================ round 1 (14383s to walltime) ================
[gen] growing the machine set
[2026-09-20T22:10:40.186] error: *** JOB 7085491 ON uc3n024 CANCELLED AT 2026-09-20T22:10:40 DUE to SIGNAL Terminated ***

============================= JOB FEEDBACK =============================

NodeName=uc3n024
Job ID: 7085491
Cluster: uc3
User/Group: st_ac136362/st_us-042020
State: CANCELLED (exit code 0)
Nodes: 1
Cores per node: 96
CPU Utilized: 00:00:00
CPU Efficiency: 0.00% of 10-11:52:00 core-walltime
Job Wall-clock time: 02:37:25
Memory Utilized: 15.17 GB
Memory Efficiency: 5.93% of 256.00 GB (256.00 GB/node)
