[batch] host uc2n601.localdomain, job 6885170
[batch] 64 cores, 131072 MB
[batch] concurrency 32   (memory allows 52, cores allow 32)
[batch] skip machine_0006: no mesh.msh
[batch] 126 samples queued:
          output/hex3d_algohex/batch/machine_0001/machine_0001_tet.vtk 2000 output/hex3d_algohex/batch/machine_0001_n2000 data/dataset/sobol/machine_0001/params.json
          output/hex3d_algohex/batch/machine_0001/machine_0001_tet.vtk 8000 output/hex3d_algohex/batch/machine_0001_n8000 data/dataset/sobol/machine_0001/params.json
          output/hex3d_algohex/batch/machine_0002/machine_0002_tet.vtk 2000 output/hex3d_algohex/batch/machine_0002_n2000 data/dataset/sobol/machine_0002/params.json
          output/hex3d_algohex/batch/machine_0002/machine_0002_tet.vtk 8000 output/hex3d_algohex/batch/machine_0002_n8000 data/dataset/sobol/machine_0002/params.json
          output/hex3d_algohex/batch/machine_0003/machine_0003_tet.vtk 2000 output/hex3d_algohex/batch/machine_0003_n2000 data/dataset/sobol/machine_0003/params.json
          output/hex3d_algohex/batch/machine_0003/machine_0003_tet.vtk 8000 output/hex3d_algohex/batch/machine_0003_n8000 data/dataset/sobol/machine_0003/params.json
          output/hex3d_algohex/batch/machine_0004/machine_0004_tet.vtk 2000 output/hex3d_algohex/batch/machine_0004_n2000 data/dataset/sobol/machine_0004/params.json
          output/hex3d_algohex/batch/machine_0004/machine_0004_tet.vtk 8000 output/hex3d_algohex/batch/machine_0004_n8000 data/dataset/sobol/machine_0004/params.json
          output/hex3d_algohex/batch/machine_0005/machine_0005_tet.vtk 2000 output/hex3d_algohex/batch/machine_0005_n2000 data/dataset/sobol/machine_0005/params.json
          output/hex3d_algohex/batch/machine_0005/machine_0005_tet.vtk 8000 output/hex3d_algohex/batch/machine_0005_n8000 data/dataset/sobol/machine_0005/params.json
          output/hex3d_algohex/batch/machine_0007/machine_0007_tet.vtk 2000 output/hex3d_algohex/batch/machine_0007_n2000 data/dataset/sobol/machine_0007/params.json
          output/hex3d_algohex/batch/machine_0007/machine_0007_tet.vtk 8000 output/hex3d_algohex/batch/machine_0007_n8000 data/dataset/sobol/machine_0007/params.json
          output/hex3d_algohex/batch/machine_0008/machine_0008_tet.vtk 2000 output/hex3d_algohex/batch/machine_0008_n2000 data/dataset/sobol/machine_0008/params.json
          output/hex3d_algohex/batch/machine_0008/machine_0008_tet.vtk 8000 output/hex3d_algohex/batch/machine_0008_n8000 data/dataset/sobol/machine_0008/params.json
          output/hex3d_algohex/batch/machine_0009/machine_0009_tet.vtk 2000 output/hex3d_algohex/batch/machine_0009_n2000 data/dataset/sobol/machine_0009/params.json
          output/hex3d_algohex/batch/machine_0009/machine_0009_tet.vtk 8000 output/hex3d_algohex/batch/machine_0009_n8000 data/dataset/sobol/machine_0009/params.json
          output/hex3d_algohex/batch/machine_0010/machine_0010_tet.vtk 2000 output/hex3d_algohex/batch/machine_0010_n2000 data/dataset/sobol/machine_0010/params.json
          output/hex3d_algohex/batch/machine_0010/machine_0010_tet.vtk 8000 output/hex3d_algohex/batch/machine_0010_n8000 data/dataset/sobol/machine_0010/params.json
          output/hex3d_algohex/batch/machine_0011/machine_0011_tet.vtk 2000 output/hex3d_algohex/batch/machine_0011_n2000 data/dataset/sobol/machine_0011/params.json
          output/hex3d_algohex/batch/machine_0011/machine_0011_tet.vtk 8000 output/hex3d_algohex/batch/machine_0011_n8000 data/dataset/sobol/machine_0011/params.json
          output/hex3d_algohex/batch/machine_0012/machine_0012_tet.vtk 2000 output/hex3d_algohex/batch/machine_0012_n2000 data/dataset/sobol/machine_0012/params.json
          output/hex3d_algohex/batch/machine_0012/machine_0012_tet.vtk 8000 output/hex3d_algohex/batch/machine_0012_n8000 data/dataset/sobol/machine_0012/params.json
          output/hex3d_algohex/batch/machine_0013/machine_0013_tet.vtk 2000 output/hex3d_algohex/batch/machine_0013_n2000 data/dataset/sobol/machine_0013/params.json
          output/hex3d_algohex/batch/machine_0013/machine_0013_tet.vtk 8000 output/hex3d_algohex/batch/machine_0013_n8000 data/dataset/sobol/machine_0013/params.json
          output/hex3d_algohex/batch/machine_0014/machine_0014_tet.vtk 2000 output/hex3d_algohex/batch/machine_0014_n2000 data/dataset/sobol/machine_0014/params.json
          output/hex3d_algohex/batch/machine_0014/machine_0014_tet.vtk 8000 output/hex3d_algohex/batch/machine_0014_n8000 data/dataset/sobol/machine_0014/params.json
          output/hex3d_algohex/batch/machine_0015/machine_0015_tet.vtk 2000 output/hex3d_algohex/batch/machine_0015_n2000 data/dataset/sobol/machine_0015/params.json
          output/hex3d_algohex/batch/machine_0015/machine_0015_tet.vtk 8000 output/hex3d_algohex/batch/machine_0015_n8000 data/dataset/sobol/machine_0015/params.json
          output/hex3d_algohex/batch/machine_0016/machine_0016_tet.vtk 2000 output/hex3d_algohex/batch/machine_0016_n2000 data/dataset/sobol/machine_0016/params.json
          output/hex3d_algohex/batch/machine_0016/machine_0016_tet.vtk 8000 output/hex3d_algohex/batch/machine_0016_n8000 data/dataset/sobol/machine_0016/params.json
          output/hex3d_algohex/batch/machine_0017/machine_0017_tet.vtk 2000 output/hex3d_algohex/batch/machine_0017_n2000 data/dataset/sobol/machine_0017/params.json
          output/hex3d_algohex/batch/machine_0017/machine_0017_tet.vtk 8000 output/hex3d_algohex/batch/machine_0017_n8000 data/dataset/sobol/machine_0017/params.json
          output/hex3d_algohex/batch/machine_0018/machine_0018_tet.vtk 2000 output/hex3d_algohex/batch/machine_0018_n2000 data/dataset/sobol/machine_0018/params.json
          output/hex3d_algohex/batch/machine_0018/machine_0018_tet.vtk 8000 output/hex3d_algohex/batch/machine_0018_n8000 data/dataset/sobol/machine_0018/params.json
          output/hex3d_algohex/batch/machine_0019/machine_0019_tet.vtk 2000 output/hex3d_algohex/batch/machine_0019_n2000 data/dataset/sobol/machine_0019/params.json
          output/hex3d_algohex/batch/machine_0019/machine_0019_tet.vtk 8000 output/hex3d_algohex/batch/machine_0019_n8000 data/dataset/sobol/machine_0019/params.json
          output/hex3d_algohex/batch/machine_0020/machine_0020_tet.vtk 2000 output/hex3d_algohex/batch/machine_0020_n2000 data/dataset/sobol/machine_0020/params.json
          output/hex3d_algohex/batch/machine_0020/machine_0020_tet.vtk 8000 output/hex3d_algohex/batch/machine_0020_n8000 data/dataset/sobol/machine_0020/params.json
          output/hex3d_algohex/batch/machine_0021/machine_0021_tet.vtk 2000 output/hex3d_algohex/batch/machine_0021_n2000 data/dataset/sobol/machine_0021/params.json
          output/hex3d_algohex/batch/machine_0021/machine_0021_tet.vtk 8000 output/hex3d_algohex/batch/machine_0021_n8000 data/dataset/sobol/machine_0021/params.json
          output/hex3d_algohex/batch/machine_0022/machine_0022_tet.vtk 2000 output/hex3d_algohex/batch/machine_0022_n2000 data/dataset/sobol/machine_0022/params.json
          output/hex3d_algohex/batch/machine_0022/machine_0022_tet.vtk 8000 output/hex3d_algohex/batch/machine_0022_n8000 data/dataset/sobol/machine_0022/params.json
          output/hex3d_algohex/batch/machine_0023/machine_0023_tet.vtk 2000 output/hex3d_algohex/batch/machine_0023_n2000 data/dataset/sobol/machine_0023/params.json
          output/hex3d_algohex/batch/machine_0023/machine_0023_tet.vtk 8000 output/hex3d_algohex/batch/machine_0023_n8000 data/dataset/sobol/machine_0023/params.json
          output/hex3d_algohex/batch/machine_0024/machine_0024_tet.vtk 2000 output/hex3d_algohex/batch/machine_0024_n2000 data/dataset/sobol/machine_0024/params.json
          output/hex3d_algohex/batch/machine_0024/machine_0024_tet.vtk 8000 output/hex3d_algohex/batch/machine_0024_n8000 data/dataset/sobol/machine_0024/params.json
          output/hex3d_algohex/batch/machine_0025/machine_0025_tet.vtk 2000 output/hex3d_algohex/batch/machine_0025_n2000 data/dataset/sobol/machine_0025/params.json
          output/hex3d_algohex/batch/machine_0025/machine_0025_tet.vtk 8000 output/hex3d_algohex/batch/machine_0025_n8000 data/dataset/sobol/machine_0025/params.json
          output/hex3d_algohex/batch/machine_0026/machine_0026_tet.vtk 2000 output/hex3d_algohex/batch/machine_0026_n2000 data/dataset/sobol/machine_0026/params.json
          output/hex3d_algohex/batch/machine_0026/machine_0026_tet.vtk 8000 output/hex3d_algohex/batch/machine_0026_n8000 data/dataset/sobol/machine_0026/params.json
          output/hex3d_algohex/batch/machine_0027/machine_0027_tet.vtk 2000 output/hex3d_algohex/batch/machine_0027_n2000 data/dataset/sobol/machine_0027/params.json
          output/hex3d_algohex/batch/machine_0027/machine_0027_tet.vtk 8000 output/hex3d_algohex/batch/machine_0027_n8000 data/dataset/sobol/machine_0027/params.json
          output/hex3d_algohex/batch/machine_0028/machine_0028_tet.vtk 2000 output/hex3d_algohex/batch/machine_0028_n2000 data/dataset/sobol/machine_0028/params.json
          output/hex3d_algohex/batch/machine_0028/machine_0028_tet.vtk 8000 output/hex3d_algohex/batch/machine_0028_n8000 data/dataset/sobol/machine_0028/params.json
          output/hex3d_algohex/batch/machine_0029/machine_0029_tet.vtk 2000 output/hex3d_algohex/batch/machine_0029_n2000 data/dataset/sobol/machine_0029/params.json
          output/hex3d_algohex/batch/machine_0029/machine_0029_tet.vtk 8000 output/hex3d_algohex/batch/machine_0029_n8000 data/dataset/sobol/machine_0029/params.json
          output/hex3d_algohex/batch/machine_0030/machine_0030_tet.vtk 2000 output/hex3d_algohex/batch/machine_0030_n2000 data/dataset/sobol/machine_0030/params.json
          output/hex3d_algohex/batch/machine_0030/machine_0030_tet.vtk 8000 output/hex3d_algohex/batch/machine_0030_n8000 data/dataset/sobol/machine_0030/params.json
          output/hex3d_algohex/batch/machine_0031/machine_0031_tet.vtk 2000 output/hex3d_algohex/batch/machine_0031_n2000 data/dataset/sobol/machine_0031/params.json
          output/hex3d_algohex/batch/machine_0031/machine_0031_tet.vtk 8000 output/hex3d_algohex/batch/machine_0031_n8000 data/dataset/sobol/machine_0031/params.json
          output/hex3d_algohex/batch/machine_0032/machine_0032_tet.vtk 2000 output/hex3d_algohex/batch/machine_0032_n2000 data/dataset/sobol/machine_0032/params.json
          output/hex3d_algohex/batch/machine_0032/machine_0032_tet.vtk 8000 output/hex3d_algohex/batch/machine_0032_n8000 data/dataset/sobol/machine_0032/params.json
          output/hex3d_algohex/batch/machine_0033/machine_0033_tet.vtk 2000 output/hex3d_algohex/batch/machine_0033_n2000 data/dataset/sobol/machine_0033/params.json
          output/hex3d_algohex/batch/machine_0033/machine_0033_tet.vtk 8000 output/hex3d_algohex/batch/machine_0033_n8000 data/dataset/sobol/machine_0033/params.json
          output/hex3d_algohex/batch/machine_0034/machine_0034_tet.vtk 2000 output/hex3d_algohex/batch/machine_0034_n2000 data/dataset/sobol/machine_0034/params.json
          output/hex3d_algohex/batch/machine_0034/machine_0034_tet.vtk 8000 output/hex3d_algohex/batch/machine_0034_n8000 data/dataset/sobol/machine_0034/params.json
          output/hex3d_algohex/batch/machine_0035/machine_0035_tet.vtk 2000 output/hex3d_algohex/batch/machine_0035_n2000 data/dataset/sobol/machine_0035/params.json
          output/hex3d_algohex/batch/machine_0035/machine_0035_tet.vtk 8000 output/hex3d_algohex/batch/machine_0035_n8000 data/dataset/sobol/machine_0035/params.json
          output/hex3d_algohex/batch/machine_0036/machine_0036_tet.vtk 2000 output/hex3d_algohex/batch/machine_0036_n2000 data/dataset/sobol/machine_0036/params.json
          output/hex3d_algohex/batch/machine_0036/machine_0036_tet.vtk 8000 output/hex3d_algohex/batch/machine_0036_n8000 data/dataset/sobol/machine_0036/params.json
          output/hex3d_algohex/batch/machine_0037/machine_0037_tet.vtk 2000 output/hex3d_algohex/batch/machine_0037_n2000 data/dataset/sobol/machine_0037/params.json
          output/hex3d_algohex/batch/machine_0037/machine_0037_tet.vtk 8000 output/hex3d_algohex/batch/machine_0037_n8000 data/dataset/sobol/machine_0037/params.json
          output/hex3d_algohex/batch/machine_0038/machine_0038_tet.vtk 2000 output/hex3d_algohex/batch/machine_0038_n2000 data/dataset/sobol/machine_0038/params.json
          output/hex3d_algohex/batch/machine_0038/machine_0038_tet.vtk 8000 output/hex3d_algohex/batch/machine_0038_n8000 data/dataset/sobol/machine_0038/params.json
          output/hex3d_algohex/batch/machine_0039/machine_0039_tet.vtk 2000 output/hex3d_algohex/batch/machine_0039_n2000 data/dataset/sobol/machine_0039/params.json
          output/hex3d_algohex/batch/machine_0039/machine_0039_tet.vtk 8000 output/hex3d_algohex/batch/machine_0039_n8000 data/dataset/sobol/machine_0039/params.json
          output/hex3d_algohex/batch/machine_0040/machine_0040_tet.vtk 2000 output/hex3d_algohex/batch/machine_0040_n2000 data/dataset/sobol/machine_0040/params.json
          output/hex3d_algohex/batch/machine_0040/machine_0040_tet.vtk 8000 output/hex3d_algohex/batch/machine_0040_n8000 data/dataset/sobol/machine_0040/params.json
          output/hex3d_algohex/batch/machine_0041/machine_0041_tet.vtk 2000 output/hex3d_algohex/batch/machine_0041_n2000 data/dataset/sobol/machine_0041/params.json
          output/hex3d_algohex/batch/machine_0041/machine_0041_tet.vtk 8000 output/hex3d_algohex/batch/machine_0041_n8000 data/dataset/sobol/machine_0041/params.json
          output/hex3d_algohex/batch/machine_0042/machine_0042_tet.vtk 2000 output/hex3d_algohex/batch/machine_0042_n2000 data/dataset/sobol/machine_0042/params.json
          output/hex3d_algohex/batch/machine_0042/machine_0042_tet.vtk 8000 output/hex3d_algohex/batch/machine_0042_n8000 data/dataset/sobol/machine_0042/params.json
          output/hex3d_algohex/batch/machine_0043/machine_0043_tet.vtk 2000 output/hex3d_algohex/batch/machine_0043_n2000 data/dataset/sobol/machine_0043/params.json
          output/hex3d_algohex/batch/machine_0043/machine_0043_tet.vtk 8000 output/hex3d_algohex/batch/machine_0043_n8000 data/dataset/sobol/machine_0043/params.json
          output/hex3d_algohex/batch/machine_0044/machine_0044_tet.vtk 2000 output/hex3d_algohex/batch/machine_0044_n2000 data/dataset/sobol/machine_0044/params.json
          output/hex3d_algohex/batch/machine_0044/machine_0044_tet.vtk 8000 output/hex3d_algohex/batch/machine_0044_n8000 data/dataset/sobol/machine_0044/params.json
          output/hex3d_algohex/batch/machine_0045/machine_0045_tet.vtk 2000 output/hex3d_algohex/batch/machine_0045_n2000 data/dataset/sobol/machine_0045/params.json
          output/hex3d_algohex/batch/machine_0045/machine_0045_tet.vtk 8000 output/hex3d_algohex/batch/machine_0045_n8000 data/dataset/sobol/machine_0045/params.json
          output/hex3d_algohex/batch/machine_0046/machine_0046_tet.vtk 2000 output/hex3d_algohex/batch/machine_0046_n2000 data/dataset/sobol/machine_0046/params.json
          output/hex3d_algohex/batch/machine_0046/machine_0046_tet.vtk 8000 output/hex3d_algohex/batch/machine_0046_n8000 data/dataset/sobol/machine_0046/params.json
          output/hex3d_algohex/batch/machine_0047/machine_0047_tet.vtk 2000 output/hex3d_algohex/batch/machine_0047_n2000 data/dataset/sobol/machine_0047/params.json
          output/hex3d_algohex/batch/machine_0047/machine_0047_tet.vtk 8000 output/hex3d_algohex/batch/machine_0047_n8000 data/dataset/sobol/machine_0047/params.json
          output/hex3d_algohex/batch/machine_0048/machine_0048_tet.vtk 2000 output/hex3d_algohex/batch/machine_0048_n2000 data/dataset/sobol/machine_0048/params.json
          output/hex3d_algohex/batch/machine_0048/machine_0048_tet.vtk 8000 output/hex3d_algohex/batch/machine_0048_n8000 data/dataset/sobol/machine_0048/params.json
          output/hex3d_algohex/batch/machine_0049/machine_0049_tet.vtk 2000 output/hex3d_algohex/batch/machine_0049_n2000 data/dataset/sobol/machine_0049/params.json
          output/hex3d_algohex/batch/machine_0049/machine_0049_tet.vtk 8000 output/hex3d_algohex/batch/machine_0049_n8000 data/dataset/sobol/machine_0049/params.json
          output/hex3d_algohex/batch/machine_0050/machine_0050_tet.vtk 2000 output/hex3d_algohex/batch/machine_0050_n2000 data/dataset/sobol/machine_0050/params.json
          output/hex3d_algohex/batch/machine_0050/machine_0050_tet.vtk 8000 output/hex3d_algohex/batch/machine_0050_n8000 data/dataset/sobol/machine_0050/params.json
          output/hex3d_algohex/batch/machine_0051/machine_0051_tet.vtk 2000 output/hex3d_algohex/batch/machine_0051_n2000 data/dataset/sobol/machine_0051/params.json
          output/hex3d_algohex/batch/machine_0051/machine_0051_tet.vtk 8000 output/hex3d_algohex/batch/machine_0051_n8000 data/dataset/sobol/machine_0051/params.json
          output/hex3d_algohex/batch/machine_0052/machine_0052_tet.vtk 2000 output/hex3d_algohex/batch/machine_0052_n2000 data/dataset/sobol/machine_0052/params.json
          output/hex3d_algohex/batch/machine_0052/machine_0052_tet.vtk 8000 output/hex3d_algohex/batch/machine_0052_n8000 data/dataset/sobol/machine_0052/params.json
          output/hex3d_algohex/batch/machine_0053/machine_0053_tet.vtk 2000 output/hex3d_algohex/batch/machine_0053_n2000 data/dataset/sobol/machine_0053/params.json
          output/hex3d_algohex/batch/machine_0053/machine_0053_tet.vtk 8000 output/hex3d_algohex/batch/machine_0053_n8000 data/dataset/sobol/machine_0053/params.json
          output/hex3d_algohex/batch/machine_0054/machine_0054_tet.vtk 2000 output/hex3d_algohex/batch/machine_0054_n2000 data/dataset/sobol/machine_0054/params.json
          output/hex3d_algohex/batch/machine_0054/machine_0054_tet.vtk 8000 output/hex3d_algohex/batch/machine_0054_n8000 data/dataset/sobol/machine_0054/params.json
          output/hex3d_algohex/batch/machine_0055/machine_0055_tet.vtk 2000 output/hex3d_algohex/batch/machine_0055_n2000 data/dataset/sobol/machine_0055/params.json
          output/hex3d_algohex/batch/machine_0055/machine_0055_tet.vtk 8000 output/hex3d_algohex/batch/machine_0055_n8000 data/dataset/sobol/machine_0055/params.json
          output/hex3d_algohex/batch/machine_0056/machine_0056_tet.vtk 2000 output/hex3d_algohex/batch/machine_0056_n2000 data/dataset/sobol/machine_0056/params.json
          output/hex3d_algohex/batch/machine_0056/machine_0056_tet.vtk 8000 output/hex3d_algohex/batch/machine_0056_n8000 data/dataset/sobol/machine_0056/params.json
          output/hex3d_algohex/batch/machine_0057/machine_0057_tet.vtk 2000 output/hex3d_algohex/batch/machine_0057_n2000 data/dataset/sobol/machine_0057/params.json
          output/hex3d_algohex/batch/machine_0057/machine_0057_tet.vtk 8000 output/hex3d_algohex/batch/machine_0057_n8000 data/dataset/sobol/machine_0057/params.json
          output/hex3d_algohex/batch/machine_0058/machine_0058_tet.vtk 2000 output/hex3d_algohex/batch/machine_0058_n2000 data/dataset/sobol/machine_0058/params.json
          output/hex3d_algohex/batch/machine_0058/machine_0058_tet.vtk 8000 output/hex3d_algohex/batch/machine_0058_n8000 data/dataset/sobol/machine_0058/params.json
          output/hex3d_algohex/batch/machine_0059/machine_0059_tet.vtk 2000 output/hex3d_algohex/batch/machine_0059_n2000 data/dataset/sobol/machine_0059/params.json
          output/hex3d_algohex/batch/machine_0059/machine_0059_tet.vtk 8000 output/hex3d_algohex/batch/machine_0059_n8000 data/dataset/sobol/machine_0059/params.json
          output/hex3d_algohex/batch/machine_0060/machine_0060_tet.vtk 2000 output/hex3d_algohex/batch/machine_0060_n2000 data/dataset/sobol/machine_0060/params.json
          output/hex3d_algohex/batch/machine_0060/machine_0060_tet.vtk 8000 output/hex3d_algohex/batch/machine_0060_n8000 data/dataset/sobol/machine_0060/params.json
          output/hex3d_algohex/batch/machine_0061/machine_0061_tet.vtk 2000 output/hex3d_algohex/batch/machine_0061_n2000 data/dataset/sobol/machine_0061/params.json
          output/hex3d_algohex/batch/machine_0061/machine_0061_tet.vtk 8000 output/hex3d_algohex/batch/machine_0061_n8000 data/dataset/sobol/machine_0061/params.json
          output/hex3d_algohex/batch/machine_0062/machine_0062_tet.vtk 2000 output/hex3d_algohex/batch/machine_0062_n2000 data/dataset/sobol/machine_0062/params.json
          output/hex3d_algohex/batch/machine_0062/machine_0062_tet.vtk 8000 output/hex3d_algohex/batch/machine_0062_n8000 data/dataset/sobol/machine_0062/params.json
          output/hex3d_algohex/batch/machine_0063/machine_0063_tet.vtk 2000 output/hex3d_algohex/batch/machine_0063_n2000 data/dataset/sobol/machine_0063/params.json
          output/hex3d_algohex/batch/machine_0063/machine_0063_tet.vtk 8000 output/hex3d_algohex/batch/machine_0063_n8000 data/dataset/sobol/machine_0063/params.json
          output/hex3d_algohex/batch/machine_0064/machine_0064_tet.vtk 2000 output/hex3d_algohex/batch/machine_0064_n2000 data/dataset/sobol/machine_0064/params.json
          output/hex3d_algohex/batch/machine_0064/machine_0064_tet.vtk 8000 output/hex3d_algohex/batch/machine_0064_n8000 data/dataset/sobol/machine_0064/params.json
[machine_0001_n2000] start  tet=machine_0001_tet.vtk n=2000 h=0.05
[machine_0001_n8000] start  tet=machine_0001_tet.vtk n=8000 h=0.05
[machine_0002_n2000] start  tet=machine_0002_tet.vtk n=2000 h=0.05
[machine_0002_n8000] start  tet=machine_0002_tet.vtk n=8000 h=0.05
[machine_0003_n8000] start  tet=machine_0003_tet.vtk n=8000 h=0.05
[machine_0003_n2000] start  tet=machine_0003_tet.vtk n=2000 h=0.05
[machine_0005_n2000] start  tet=machine_0005_tet.vtk n=2000 h=0.05
[machine_0004_n2000] start  tet=machine_0004_tet.vtk n=2000 h=0.05
[machine_0005_n8000] start  tet=machine_0005_tet.vtk n=8000 h=0.05
[machine_0007_n2000] start  tet=machine_0007_tet.vtk n=2000 h=0.05
[machine_0004_n8000] start  tet=machine_0004_tet.vtk n=8000 h=0.05
[machine_0007_n8000] start  tet=machine_0007_tet.vtk n=8000 h=0.05
[machine_0008_n8000] start  tet=machine_0008_tet.vtk n=8000 h=0.05
[machine_0008_n2000] start  tet=machine_0008_tet.vtk n=2000 h=0.05
[machine_0009_n2000] start  tet=machine_0009_tet.vtk n=2000 h=0.05
[machine_0009_n8000] start  tet=machine_0009_tet.vtk n=8000 h=0.05
[machine_0011_n2000] start  tet=machine_0011_tet.vtk n=2000 h=0.05
[machine_0010_n2000] start  tet=machine_0010_tet.vtk n=2000 h=0.05
[machine_0010_n8000] start  tet=machine_0010_tet.vtk n=8000 h=0.05
[machine_0011_n8000] start  tet=machine_0011_tet.vtk n=8000 h=0.05
[machine_0012_n2000] start  tet=machine_0012_tet.vtk n=2000 h=0.05
[machine_0012_n8000] start  tet=machine_0012_tet.vtk n=8000 h=0.05
[machine_0013_n8000] start  tet=machine_0013_tet.vtk n=8000 h=0.05
[machine_0013_n2000] start  tet=machine_0013_tet.vtk n=2000 h=0.05
[machine_0014_n2000] start  tet=machine_0014_tet.vtk n=2000 h=0.05
[machine_0014_n8000] start  tet=machine_0014_tet.vtk n=8000 h=0.05
[machine_0015_n2000] start  tet=machine_0015_tet.vtk n=2000 h=0.05
[machine_0015_n8000] start  tet=machine_0015_tet.vtk n=8000 h=0.05
[machine_0016_n2000] start  tet=machine_0016_tet.vtk n=2000 h=0.05
[machine_0016_n8000] start  tet=machine_0016_tet.vtk n=8000 h=0.05
[machine_0017_n2000] start  tet=machine_0017_tet.vtk n=2000 h=0.05
[machine_0017_n8000] start  tet=machine_0017_tet.vtk n=8000 h=0.05
[mon] 15:20:41 load=87.87 85.69 62.17 run=8 hm_threads=0 memMB=14716
[mon] 15:21:41 load=53.03 75.68 60.17 run=33 hm_threads=64 memMB=20070
[mon] 15:22:41 load=39.85 67.77 58.42 run=33 hm_threads=64 memMB=19478
[mon] 15:23:41 load=35.47 61.41 56.82 run=33 hm_threads=64 memMB=19484
[mon] 15:24:41 load=33.27 56.06 55.26 run=33 hm_threads=64 memMB=22148
[mon] 15:25:41 load=32.93 51.79 53.84 run=33 hm_threads=64 memMB=32450
[mon] 15:26:42 load=34.44 48.74 52.66 run=33 hm_threads=64 memMB=60069
[mon] 15:27:42 load=35.79 46.50 51.64 run=33 hm_threads=64 memMB=62832
[mon] 15:28:42 load=35.75 44.55 50.65 run=33 hm_threads=64 memMB=61039
[mon] 15:29:42 load=35.42 42.85 49.68 run=33 hm_threads=64 memMB=61876
[mon] 15:30:42 load=36.22 41.72 48.86 run=33 hm_threads=64 memMB=62168
[mon] 15:31:43 load=35.92 40.61 48.00 run=33 hm_threads=64 memMB=61692
[mon] 15:32:43 load=35.74 39.70 47.22 run=33 hm_threads=64 memMB=57636
[mon] 15:33:43 load=35.23 38.86 46.46 run=33 hm_threads=64 memMB=50399
[mon] 15:34:43 load=33.97 37.86 45.64 run=33 hm_threads=64 memMB=53562
[machine_0012_n2000] OK     893s, sample 357 KB, kept 1205 KB total
[machine_0018_n2000] start  tet=machine_0018_tet.vtk n=2000 h=0.05
[mon] 15:35:44 load=33.38 36.98 44.85 run=33 hm_threads=62 memMB=52567
[mon] 15:36:44 load=33.27 36.30 44.12 run=33 hm_threads=56 memMB=47576
[machine_0012_n8000] OK     968s, sample 363 KB, kept 1634 KB total
[machine_0018_n8000] start  tet=machine_0018_tet.vtk n=8000 h=0.05
[machine_0017_n2000] OK     1018s, sample 373 KB, kept 1182 KB total
[machine_0019_n2000] start  tet=machine_0019_tet.vtk n=2000 h=0.05
[machine_0003_n2000] OK     1019s, sample 363 KB, kept 955 KB total
[machine_0019_n8000] start  tet=machine_0019_tet.vtk n=8000 h=0.05
[mon] 15:37:44 load=32.83 35.63 43.40 run=33 hm_threads=44 memMB=37879
[machine_0008_n2000] OK     1026s, sample 351 KB, kept 1501 KB total
[machine_0020_n2000] start  tet=machine_0020_tet.vtk n=2000 h=0.05
[machine_0005_n8000] OK     1041s, sample 378 KB, kept 1606 KB total
[machine_0020_n8000] start  tet=machine_0020_tet.vtk n=8000 h=0.05
[machine_0007_n2000] OK     1056s, sample 389 KB, kept 1138 KB total
[machine_0021_n2000] start  tet=machine_0021_tet.vtk n=2000 h=0.05
[machine_0003_n8000] OK     1073s, sample 372 KB, kept 1993 KB total
[machine_0021_n8000] start  tet=machine_0021_tet.vtk n=8000 h=0.05
[machine_0010_n2000] OK     1079s, sample 376 KB, kept 1221 KB total
[machine_0022_n2000] start  tet=machine_0022_tet.vtk n=2000 h=0.05
[mon] 15:38:44 load=32.60 35.06 42.72 run=33 hm_threads=46 memMB=35504
[machine_0005_n2000] OK     1084s, sample 373 KB, kept 1145 KB total
[machine_0022_n8000] start  tet=machine_0022_tet.vtk n=8000 h=0.05
[machine_0015_n2000] OK     1113s, sample 357 KB, kept 1174 KB total
[machine_0023_n2000] start  tet=machine_0023_tet.vtk n=2000 h=0.05
[machine_0002_n2000] OK     1127s, sample 353 KB, kept 1162 KB total
[machine_0023_n8000] start  tet=machine_0023_tet.vtk n=8000 h=0.05
[mon] 15:39:44 load=32.51 34.59 42.07 run=33 hm_threads=44 memMB=31311
[machine_0002_n8000] OK     1144s, sample 356 KB, kept 1562 KB total
[machine_0024_n2000] start  tet=machine_0024_tet.vtk n=2000 h=0.05
[machine_0016_n2000] OK     1159s, sample 374 KB, kept 995 KB total
[machine_0024_n8000] start  tet=machine_0024_tet.vtk n=8000 h=0.05
[machine_0008_n8000] OK     1189s, sample 348 KB, kept 1529 KB total
[machine_0025_n2000] start  tet=machine_0025_tet.vtk n=2000 h=0.05
[machine_0011_n8000] OK     1191s, sample 394 KB, kept 2045 KB total
[machine_0025_n8000] start  tet=machine_0025_tet.vtk n=8000 h=0.05
[machine_0011_n2000] OK     1200s, sample 392 KB, kept 1202 KB total
[machine_0026_n2000] start  tet=machine_0026_tet.vtk n=2000 h=0.05
[machine_0013_n8000] OK     1202s, sample 383 KB, kept 1577 KB total
[machine_0026_n8000] start  tet=machine_0026_tet.vtk n=8000 h=0.05
[mon] 15:40:45 load=32.95 34.33 41.51 run=33 hm_threads=53 memMB=31723
[machine_0009_n8000] OK     1211s, sample 372 KB, kept 1630 KB total
[machine_0027_n2000] start  tet=machine_0027_tet.vtk n=2000 h=0.05
[machine_0017_n8000] OK     1252s, sample 371 KB, kept 1606 KB total
[machine_0027_n8000] start  tet=machine_0027_tet.vtk n=8000 h=0.05
[machine_0015_n8000] OK     1256s, sample 359 KB, kept 1573 KB total
[machine_0028_n2000] start  tet=machine_0028_tet.vtk n=2000 h=0.05
[mon] 15:41:45 load=33.18 34.17 41.01 run=33 hm_threads=58 memMB=31169
[machine_0007_n8000] OK     1269s, sample 393 KB, kept 1953 KB total
[machine_0028_n8000] start  tet=machine_0028_tet.vtk n=8000 h=0.05
[mon] 15:42:45 load=33.12 33.98 40.51 run=33 hm_threads=60 memMB=35371
[machine_0010_n8000] OK     1333s, sample 383 KB, kept 1721 KB total
[machine_0029_n2000] start  tet=machine_0029_tet.vtk n=2000 h=0.05
[machine_0013_n2000] OK     1367s, sample 379 KB, kept 1157 KB total
[machine_0029_n8000] start  tet=machine_0029_tet.vtk n=8000 h=0.05
[mon] 15:43:45 load=33.79 33.99 40.10 run=33 hm_threads=60 memMB=42363
[machine_0016_n8000] OK     1432s, sample 379 KB, kept 1665 KB total
[machine_0030_n2000] start  tet=machine_0030_tet.vtk n=2000 h=0.05
[mon] 15:44:45 load=34.23 34.07 39.75 run=33 hm_threads=60 memMB=42836
[mon] 15:45:45 load=34.27 34.12 39.40 run=33 hm_threads=58 memMB=46064
[machine_0001_n2000] OK     1516s, sample 373 KB, kept 1286 KB total
[machine_0030_n8000] start  tet=machine_0030_tet.vtk n=8000 h=0.05
[mon] 15:46:46 load=34.82 34.30 39.13 run=33 hm_threads=60 memMB=48725
[machine_0009_n2000] OK     1598s, sample 366 KB, kept 1114 KB total
[machine_0031_n2000] start  tet=machine_0031_tet.vtk n=2000 h=0.05
[machine_0004_n8000] OK     1618s, sample 379 KB, kept 1737 KB total
[machine_0031_n8000] start  tet=machine_0031_tet.vtk n=8000 h=0.05
[mon] 15:47:46 load=35.15 34.47 38.88 run=33 hm_threads=62 memMB=52056
[machine_0018_n2000] OK     782s, sample 367 KB, kept 1222 KB total
[machine_0032_n2000] start  tet=machine_0032_tet.vtk n=2000 h=0.05
[mon] 15:48:46 load=34.92 34.55 38.63 run=33 hm_threads=62 memMB=53552
[mon] 15:49:46 load=35.64 34.82 38.47 run=33 hm_threads=58 memMB=50081
[machine_0004_n2000] OK     1777s, sample 374 KB, kept 1297 KB total
[machine_0032_n8000] start  tet=machine_0032_tet.vtk n=8000 h=0.05
[machine_0001_n8000] OK     1790s, sample 377 KB, kept 1642 KB total
[machine_0033_n2000] start  tet=machine_0033_tet.vtk n=2000 h=0.05
[mon] 15:50:46 load=35.23 34.85 38.25 run=33 hm_threads=58 memMB=45104
