[batch] host uc2n601.localdomain, job 6886004
[batch] 64 cores, 131072 MB
[batch] concurrency 48   (memory allows 52, cores allow 32)
[batch] skip machine_0006: no mesh.msh
[batch] 126 samples queued:
          output/hex3d_algohex/batch/machine_0001/machine_0001_tet.vtk 2000 output/hex3d_algohex/batch/machine_0001_n2000 data/dataset/sobol/machine_0001/params.json
          output/hex3d_algohex/batch/machine_0001/machine_0001_tet.vtk 8000 output/hex3d_algohex/batch/machine_0001_n8000 data/dataset/sobol/machine_0001/params.json
          output/hex3d_algohex/batch/machine_0002/machine_0002_tet.vtk 2000 output/hex3d_algohex/batch/machine_0002_n2000 data/dataset/sobol/machine_0002/params.json
          output/hex3d_algohex/batch/machine_0002/machine_0002_tet.vtk 8000 output/hex3d_algohex/batch/machine_0002_n8000 data/dataset/sobol/machine_0002/params.json
          output/hex3d_algohex/batch/machine_0003/machine_0003_tet.vtk 2000 output/hex3d_algohex/batch/machine_0003_n2000 data/dataset/sobol/machine_0003/params.json
          output/hex3d_algohex/batch/machine_0003/machine_0003_tet.vtk 8000 output/hex3d_algohex/batch/machine_0003_n8000 data/dataset/sobol/machine_0003/params.json
          output/hex3d_algohex/batch/machine_0004/machine_0004_tet.vtk 2000 output/hex3d_algohex/batch/machine_0004_n2000 data/dataset/sobol/machine_0004/params.json
          output/hex3d_algohex/batch/machine_0004/machine_0004_tet.vtk 8000 output/hex3d_algohex/batch/machine_0004_n8000 data/dataset/sobol/machine_0004/params.json
          output/hex3d_algohex/batch/machine_0005/machine_0005_tet.vtk 2000 output/hex3d_algohex/batch/machine_0005_n2000 data/dataset/sobol/machine_0005/params.json
          output/hex3d_algohex/batch/machine_0005/machine_0005_tet.vtk 8000 output/hex3d_algohex/batch/machine_0005_n8000 data/dataset/sobol/machine_0005/params.json
          output/hex3d_algohex/batch/machine_0007/machine_0007_tet.vtk 2000 output/hex3d_algohex/batch/machine_0007_n2000 data/dataset/sobol/machine_0007/params.json
          output/hex3d_algohex/batch/machine_0007/machine_0007_tet.vtk 8000 output/hex3d_algohex/batch/machine_0007_n8000 data/dataset/sobol/machine_0007/params.json
          output/hex3d_algohex/batch/machine_0008/machine_0008_tet.vtk 2000 output/hex3d_algohex/batch/machine_0008_n2000 data/dataset/sobol/machine_0008/params.json
          output/hex3d_algohex/batch/machine_0008/machine_0008_tet.vtk 8000 output/hex3d_algohex/batch/machine_0008_n8000 data/dataset/sobol/machine_0008/params.json
          output/hex3d_algohex/batch/machine_0009/machine_0009_tet.vtk 2000 output/hex3d_algohex/batch/machine_0009_n2000 data/dataset/sobol/machine_0009/params.json
          output/hex3d_algohex/batch/machine_0009/machine_0009_tet.vtk 8000 output/hex3d_algohex/batch/machine_0009_n8000 data/dataset/sobol/machine_0009/params.json
          output/hex3d_algohex/batch/machine_0010/machine_0010_tet.vtk 2000 output/hex3d_algohex/batch/machine_0010_n2000 data/dataset/sobol/machine_0010/params.json
          output/hex3d_algohex/batch/machine_0010/machine_0010_tet.vtk 8000 output/hex3d_algohex/batch/machine_0010_n8000 data/dataset/sobol/machine_0010/params.json
          output/hex3d_algohex/batch/machine_0011/machine_0011_tet.vtk 2000 output/hex3d_algohex/batch/machine_0011_n2000 data/dataset/sobol/machine_0011/params.json
          output/hex3d_algohex/batch/machine_0011/machine_0011_tet.vtk 8000 output/hex3d_algohex/batch/machine_0011_n8000 data/dataset/sobol/machine_0011/params.json
          output/hex3d_algohex/batch/machine_0012/machine_0012_tet.vtk 2000 output/hex3d_algohex/batch/machine_0012_n2000 data/dataset/sobol/machine_0012/params.json
          output/hex3d_algohex/batch/machine_0012/machine_0012_tet.vtk 8000 output/hex3d_algohex/batch/machine_0012_n8000 data/dataset/sobol/machine_0012/params.json
          output/hex3d_algohex/batch/machine_0013/machine_0013_tet.vtk 2000 output/hex3d_algohex/batch/machine_0013_n2000 data/dataset/sobol/machine_0013/params.json
          output/hex3d_algohex/batch/machine_0013/machine_0013_tet.vtk 8000 output/hex3d_algohex/batch/machine_0013_n8000 data/dataset/sobol/machine_0013/params.json
          output/hex3d_algohex/batch/machine_0014/machine_0014_tet.vtk 2000 output/hex3d_algohex/batch/machine_0014_n2000 data/dataset/sobol/machine_0014/params.json
          output/hex3d_algohex/batch/machine_0014/machine_0014_tet.vtk 8000 output/hex3d_algohex/batch/machine_0014_n8000 data/dataset/sobol/machine_0014/params.json
          output/hex3d_algohex/batch/machine_0015/machine_0015_tet.vtk 2000 output/hex3d_algohex/batch/machine_0015_n2000 data/dataset/sobol/machine_0015/params.json
          output/hex3d_algohex/batch/machine_0015/machine_0015_tet.vtk 8000 output/hex3d_algohex/batch/machine_0015_n8000 data/dataset/sobol/machine_0015/params.json
          output/hex3d_algohex/batch/machine_0016/machine_0016_tet.vtk 2000 output/hex3d_algohex/batch/machine_0016_n2000 data/dataset/sobol/machine_0016/params.json
          output/hex3d_algohex/batch/machine_0016/machine_0016_tet.vtk 8000 output/hex3d_algohex/batch/machine_0016_n8000 data/dataset/sobol/machine_0016/params.json
          output/hex3d_algohex/batch/machine_0017/machine_0017_tet.vtk 2000 output/hex3d_algohex/batch/machine_0017_n2000 data/dataset/sobol/machine_0017/params.json
          output/hex3d_algohex/batch/machine_0017/machine_0017_tet.vtk 8000 output/hex3d_algohex/batch/machine_0017_n8000 data/dataset/sobol/machine_0017/params.json
          output/hex3d_algohex/batch/machine_0018/machine_0018_tet.vtk 2000 output/hex3d_algohex/batch/machine_0018_n2000 data/dataset/sobol/machine_0018/params.json
          output/hex3d_algohex/batch/machine_0018/machine_0018_tet.vtk 8000 output/hex3d_algohex/batch/machine_0018_n8000 data/dataset/sobol/machine_0018/params.json
          output/hex3d_algohex/batch/machine_0019/machine_0019_tet.vtk 2000 output/hex3d_algohex/batch/machine_0019_n2000 data/dataset/sobol/machine_0019/params.json
          output/hex3d_algohex/batch/machine_0019/machine_0019_tet.vtk 8000 output/hex3d_algohex/batch/machine_0019_n8000 data/dataset/sobol/machine_0019/params.json
          output/hex3d_algohex/batch/machine_0020/machine_0020_tet.vtk 2000 output/hex3d_algohex/batch/machine_0020_n2000 data/dataset/sobol/machine_0020/params.json
          output/hex3d_algohex/batch/machine_0020/machine_0020_tet.vtk 8000 output/hex3d_algohex/batch/machine_0020_n8000 data/dataset/sobol/machine_0020/params.json
          output/hex3d_algohex/batch/machine_0021/machine_0021_tet.vtk 2000 output/hex3d_algohex/batch/machine_0021_n2000 data/dataset/sobol/machine_0021/params.json
          output/hex3d_algohex/batch/machine_0021/machine_0021_tet.vtk 8000 output/hex3d_algohex/batch/machine_0021_n8000 data/dataset/sobol/machine_0021/params.json
          output/hex3d_algohex/batch/machine_0022/machine_0022_tet.vtk 2000 output/hex3d_algohex/batch/machine_0022_n2000 data/dataset/sobol/machine_0022/params.json
          output/hex3d_algohex/batch/machine_0022/machine_0022_tet.vtk 8000 output/hex3d_algohex/batch/machine_0022_n8000 data/dataset/sobol/machine_0022/params.json
          output/hex3d_algohex/batch/machine_0023/machine_0023_tet.vtk 2000 output/hex3d_algohex/batch/machine_0023_n2000 data/dataset/sobol/machine_0023/params.json
          output/hex3d_algohex/batch/machine_0023/machine_0023_tet.vtk 8000 output/hex3d_algohex/batch/machine_0023_n8000 data/dataset/sobol/machine_0023/params.json
          output/hex3d_algohex/batch/machine_0024/machine_0024_tet.vtk 2000 output/hex3d_algohex/batch/machine_0024_n2000 data/dataset/sobol/machine_0024/params.json
          output/hex3d_algohex/batch/machine_0024/machine_0024_tet.vtk 8000 output/hex3d_algohex/batch/machine_0024_n8000 data/dataset/sobol/machine_0024/params.json
          output/hex3d_algohex/batch/machine_0025/machine_0025_tet.vtk 2000 output/hex3d_algohex/batch/machine_0025_n2000 data/dataset/sobol/machine_0025/params.json
          output/hex3d_algohex/batch/machine_0025/machine_0025_tet.vtk 8000 output/hex3d_algohex/batch/machine_0025_n8000 data/dataset/sobol/machine_0025/params.json
          output/hex3d_algohex/batch/machine_0026/machine_0026_tet.vtk 2000 output/hex3d_algohex/batch/machine_0026_n2000 data/dataset/sobol/machine_0026/params.json
          output/hex3d_algohex/batch/machine_0026/machine_0026_tet.vtk 8000 output/hex3d_algohex/batch/machine_0026_n8000 data/dataset/sobol/machine_0026/params.json
          output/hex3d_algohex/batch/machine_0027/machine_0027_tet.vtk 2000 output/hex3d_algohex/batch/machine_0027_n2000 data/dataset/sobol/machine_0027/params.json
          output/hex3d_algohex/batch/machine_0027/machine_0027_tet.vtk 8000 output/hex3d_algohex/batch/machine_0027_n8000 data/dataset/sobol/machine_0027/params.json
          output/hex3d_algohex/batch/machine_0028/machine_0028_tet.vtk 2000 output/hex3d_algohex/batch/machine_0028_n2000 data/dataset/sobol/machine_0028/params.json
          output/hex3d_algohex/batch/machine_0028/machine_0028_tet.vtk 8000 output/hex3d_algohex/batch/machine_0028_n8000 data/dataset/sobol/machine_0028/params.json
          output/hex3d_algohex/batch/machine_0029/machine_0029_tet.vtk 2000 output/hex3d_algohex/batch/machine_0029_n2000 data/dataset/sobol/machine_0029/params.json
          output/hex3d_algohex/batch/machine_0029/machine_0029_tet.vtk 8000 output/hex3d_algohex/batch/machine_0029_n8000 data/dataset/sobol/machine_0029/params.json
          output/hex3d_algohex/batch/machine_0030/machine_0030_tet.vtk 2000 output/hex3d_algohex/batch/machine_0030_n2000 data/dataset/sobol/machine_0030/params.json
          output/hex3d_algohex/batch/machine_0030/machine_0030_tet.vtk 8000 output/hex3d_algohex/batch/machine_0030_n8000 data/dataset/sobol/machine_0030/params.json
          output/hex3d_algohex/batch/machine_0031/machine_0031_tet.vtk 2000 output/hex3d_algohex/batch/machine_0031_n2000 data/dataset/sobol/machine_0031/params.json
          output/hex3d_algohex/batch/machine_0031/machine_0031_tet.vtk 8000 output/hex3d_algohex/batch/machine_0031_n8000 data/dataset/sobol/machine_0031/params.json
          output/hex3d_algohex/batch/machine_0032/machine_0032_tet.vtk 2000 output/hex3d_algohex/batch/machine_0032_n2000 data/dataset/sobol/machine_0032/params.json
          output/hex3d_algohex/batch/machine_0032/machine_0032_tet.vtk 8000 output/hex3d_algohex/batch/machine_0032_n8000 data/dataset/sobol/machine_0032/params.json
          output/hex3d_algohex/batch/machine_0033/machine_0033_tet.vtk 2000 output/hex3d_algohex/batch/machine_0033_n2000 data/dataset/sobol/machine_0033/params.json
          output/hex3d_algohex/batch/machine_0033/machine_0033_tet.vtk 8000 output/hex3d_algohex/batch/machine_0033_n8000 data/dataset/sobol/machine_0033/params.json
          output/hex3d_algohex/batch/machine_0034/machine_0034_tet.vtk 2000 output/hex3d_algohex/batch/machine_0034_n2000 data/dataset/sobol/machine_0034/params.json
          output/hex3d_algohex/batch/machine_0034/machine_0034_tet.vtk 8000 output/hex3d_algohex/batch/machine_0034_n8000 data/dataset/sobol/machine_0034/params.json
          output/hex3d_algohex/batch/machine_0035/machine_0035_tet.vtk 2000 output/hex3d_algohex/batch/machine_0035_n2000 data/dataset/sobol/machine_0035/params.json
          output/hex3d_algohex/batch/machine_0035/machine_0035_tet.vtk 8000 output/hex3d_algohex/batch/machine_0035_n8000 data/dataset/sobol/machine_0035/params.json
          output/hex3d_algohex/batch/machine_0036/machine_0036_tet.vtk 2000 output/hex3d_algohex/batch/machine_0036_n2000 data/dataset/sobol/machine_0036/params.json
          output/hex3d_algohex/batch/machine_0036/machine_0036_tet.vtk 8000 output/hex3d_algohex/batch/machine_0036_n8000 data/dataset/sobol/machine_0036/params.json
          output/hex3d_algohex/batch/machine_0037/machine_0037_tet.vtk 2000 output/hex3d_algohex/batch/machine_0037_n2000 data/dataset/sobol/machine_0037/params.json
          output/hex3d_algohex/batch/machine_0037/machine_0037_tet.vtk 8000 output/hex3d_algohex/batch/machine_0037_n8000 data/dataset/sobol/machine_0037/params.json
          output/hex3d_algohex/batch/machine_0038/machine_0038_tet.vtk 2000 output/hex3d_algohex/batch/machine_0038_n2000 data/dataset/sobol/machine_0038/params.json
          output/hex3d_algohex/batch/machine_0038/machine_0038_tet.vtk 8000 output/hex3d_algohex/batch/machine_0038_n8000 data/dataset/sobol/machine_0038/params.json
          output/hex3d_algohex/batch/machine_0039/machine_0039_tet.vtk 2000 output/hex3d_algohex/batch/machine_0039_n2000 data/dataset/sobol/machine_0039/params.json
          output/hex3d_algohex/batch/machine_0039/machine_0039_tet.vtk 8000 output/hex3d_algohex/batch/machine_0039_n8000 data/dataset/sobol/machine_0039/params.json
          output/hex3d_algohex/batch/machine_0040/machine_0040_tet.vtk 2000 output/hex3d_algohex/batch/machine_0040_n2000 data/dataset/sobol/machine_0040/params.json
          output/hex3d_algohex/batch/machine_0040/machine_0040_tet.vtk 8000 output/hex3d_algohex/batch/machine_0040_n8000 data/dataset/sobol/machine_0040/params.json
          output/hex3d_algohex/batch/machine_0041/machine_0041_tet.vtk 2000 output/hex3d_algohex/batch/machine_0041_n2000 data/dataset/sobol/machine_0041/params.json
          output/hex3d_algohex/batch/machine_0041/machine_0041_tet.vtk 8000 output/hex3d_algohex/batch/machine_0041_n8000 data/dataset/sobol/machine_0041/params.json
          output/hex3d_algohex/batch/machine_0042/machine_0042_tet.vtk 2000 output/hex3d_algohex/batch/machine_0042_n2000 data/dataset/sobol/machine_0042/params.json
          output/hex3d_algohex/batch/machine_0042/machine_0042_tet.vtk 8000 output/hex3d_algohex/batch/machine_0042_n8000 data/dataset/sobol/machine_0042/params.json
          output/hex3d_algohex/batch/machine_0043/machine_0043_tet.vtk 2000 output/hex3d_algohex/batch/machine_0043_n2000 data/dataset/sobol/machine_0043/params.json
          output/hex3d_algohex/batch/machine_0043/machine_0043_tet.vtk 8000 output/hex3d_algohex/batch/machine_0043_n8000 data/dataset/sobol/machine_0043/params.json
          output/hex3d_algohex/batch/machine_0044/machine_0044_tet.vtk 2000 output/hex3d_algohex/batch/machine_0044_n2000 data/dataset/sobol/machine_0044/params.json
          output/hex3d_algohex/batch/machine_0044/machine_0044_tet.vtk 8000 output/hex3d_algohex/batch/machine_0044_n8000 data/dataset/sobol/machine_0044/params.json
          output/hex3d_algohex/batch/machine_0045/machine_0045_tet.vtk 2000 output/hex3d_algohex/batch/machine_0045_n2000 data/dataset/sobol/machine_0045/params.json
          output/hex3d_algohex/batch/machine_0045/machine_0045_tet.vtk 8000 output/hex3d_algohex/batch/machine_0045_n8000 data/dataset/sobol/machine_0045/params.json
          output/hex3d_algohex/batch/machine_0046/machine_0046_tet.vtk 2000 output/hex3d_algohex/batch/machine_0046_n2000 data/dataset/sobol/machine_0046/params.json
          output/hex3d_algohex/batch/machine_0046/machine_0046_tet.vtk 8000 output/hex3d_algohex/batch/machine_0046_n8000 data/dataset/sobol/machine_0046/params.json
          output/hex3d_algohex/batch/machine_0047/machine_0047_tet.vtk 2000 output/hex3d_algohex/batch/machine_0047_n2000 data/dataset/sobol/machine_0047/params.json
          output/hex3d_algohex/batch/machine_0047/machine_0047_tet.vtk 8000 output/hex3d_algohex/batch/machine_0047_n8000 data/dataset/sobol/machine_0047/params.json
          output/hex3d_algohex/batch/machine_0048/machine_0048_tet.vtk 2000 output/hex3d_algohex/batch/machine_0048_n2000 data/dataset/sobol/machine_0048/params.json
          output/hex3d_algohex/batch/machine_0048/machine_0048_tet.vtk 8000 output/hex3d_algohex/batch/machine_0048_n8000 data/dataset/sobol/machine_0048/params.json
          output/hex3d_algohex/batch/machine_0049/machine_0049_tet.vtk 2000 output/hex3d_algohex/batch/machine_0049_n2000 data/dataset/sobol/machine_0049/params.json
          output/hex3d_algohex/batch/machine_0049/machine_0049_tet.vtk 8000 output/hex3d_algohex/batch/machine_0049_n8000 data/dataset/sobol/machine_0049/params.json
          output/hex3d_algohex/batch/machine_0050/machine_0050_tet.vtk 2000 output/hex3d_algohex/batch/machine_0050_n2000 data/dataset/sobol/machine_0050/params.json
          output/hex3d_algohex/batch/machine_0050/machine_0050_tet.vtk 8000 output/hex3d_algohex/batch/machine_0050_n8000 data/dataset/sobol/machine_0050/params.json
          output/hex3d_algohex/batch/machine_0051/machine_0051_tet.vtk 2000 output/hex3d_algohex/batch/machine_0051_n2000 data/dataset/sobol/machine_0051/params.json
          output/hex3d_algohex/batch/machine_0051/machine_0051_tet.vtk 8000 output/hex3d_algohex/batch/machine_0051_n8000 data/dataset/sobol/machine_0051/params.json
          output/hex3d_algohex/batch/machine_0052/machine_0052_tet.vtk 2000 output/hex3d_algohex/batch/machine_0052_n2000 data/dataset/sobol/machine_0052/params.json
          output/hex3d_algohex/batch/machine_0052/machine_0052_tet.vtk 8000 output/hex3d_algohex/batch/machine_0052_n8000 data/dataset/sobol/machine_0052/params.json
          output/hex3d_algohex/batch/machine_0053/machine_0053_tet.vtk 2000 output/hex3d_algohex/batch/machine_0053_n2000 data/dataset/sobol/machine_0053/params.json
          output/hex3d_algohex/batch/machine_0053/machine_0053_tet.vtk 8000 output/hex3d_algohex/batch/machine_0053_n8000 data/dataset/sobol/machine_0053/params.json
          output/hex3d_algohex/batch/machine_0054/machine_0054_tet.vtk 2000 output/hex3d_algohex/batch/machine_0054_n2000 data/dataset/sobol/machine_0054/params.json
          output/hex3d_algohex/batch/machine_0054/machine_0054_tet.vtk 8000 output/hex3d_algohex/batch/machine_0054_n8000 data/dataset/sobol/machine_0054/params.json
          output/hex3d_algohex/batch/machine_0055/machine_0055_tet.vtk 2000 output/hex3d_algohex/batch/machine_0055_n2000 data/dataset/sobol/machine_0055/params.json
          output/hex3d_algohex/batch/machine_0055/machine_0055_tet.vtk 8000 output/hex3d_algohex/batch/machine_0055_n8000 data/dataset/sobol/machine_0055/params.json
          output/hex3d_algohex/batch/machine_0056/machine_0056_tet.vtk 2000 output/hex3d_algohex/batch/machine_0056_n2000 data/dataset/sobol/machine_0056/params.json
          output/hex3d_algohex/batch/machine_0056/machine_0056_tet.vtk 8000 output/hex3d_algohex/batch/machine_0056_n8000 data/dataset/sobol/machine_0056/params.json
          output/hex3d_algohex/batch/machine_0057/machine_0057_tet.vtk 2000 output/hex3d_algohex/batch/machine_0057_n2000 data/dataset/sobol/machine_0057/params.json
          output/hex3d_algohex/batch/machine_0057/machine_0057_tet.vtk 8000 output/hex3d_algohex/batch/machine_0057_n8000 data/dataset/sobol/machine_0057/params.json
          output/hex3d_algohex/batch/machine_0058/machine_0058_tet.vtk 2000 output/hex3d_algohex/batch/machine_0058_n2000 data/dataset/sobol/machine_0058/params.json
          output/hex3d_algohex/batch/machine_0058/machine_0058_tet.vtk 8000 output/hex3d_algohex/batch/machine_0058_n8000 data/dataset/sobol/machine_0058/params.json
          output/hex3d_algohex/batch/machine_0059/machine_0059_tet.vtk 2000 output/hex3d_algohex/batch/machine_0059_n2000 data/dataset/sobol/machine_0059/params.json
          output/hex3d_algohex/batch/machine_0059/machine_0059_tet.vtk 8000 output/hex3d_algohex/batch/machine_0059_n8000 data/dataset/sobol/machine_0059/params.json
          output/hex3d_algohex/batch/machine_0060/machine_0060_tet.vtk 2000 output/hex3d_algohex/batch/machine_0060_n2000 data/dataset/sobol/machine_0060/params.json
          output/hex3d_algohex/batch/machine_0060/machine_0060_tet.vtk 8000 output/hex3d_algohex/batch/machine_0060_n8000 data/dataset/sobol/machine_0060/params.json
          output/hex3d_algohex/batch/machine_0061/machine_0061_tet.vtk 2000 output/hex3d_algohex/batch/machine_0061_n2000 data/dataset/sobol/machine_0061/params.json
          output/hex3d_algohex/batch/machine_0061/machine_0061_tet.vtk 8000 output/hex3d_algohex/batch/machine_0061_n8000 data/dataset/sobol/machine_0061/params.json
          output/hex3d_algohex/batch/machine_0062/machine_0062_tet.vtk 2000 output/hex3d_algohex/batch/machine_0062_n2000 data/dataset/sobol/machine_0062/params.json
          output/hex3d_algohex/batch/machine_0062/machine_0062_tet.vtk 8000 output/hex3d_algohex/batch/machine_0062_n8000 data/dataset/sobol/machine_0062/params.json
          output/hex3d_algohex/batch/machine_0063/machine_0063_tet.vtk 2000 output/hex3d_algohex/batch/machine_0063_n2000 data/dataset/sobol/machine_0063/params.json
          output/hex3d_algohex/batch/machine_0063/machine_0063_tet.vtk 8000 output/hex3d_algohex/batch/machine_0063_n8000 data/dataset/sobol/machine_0063/params.json
          output/hex3d_algohex/batch/machine_0064/machine_0064_tet.vtk 2000 output/hex3d_algohex/batch/machine_0064_n2000 data/dataset/sobol/machine_0064/params.json
          output/hex3d_algohex/batch/machine_0064/machine_0064_tet.vtk 8000 output/hex3d_algohex/batch/machine_0064_n8000 data/dataset/sobol/machine_0064/params.json
[machine_0001_n8000] already done, skipping
[machine_0001_n2000] already done, skipping
[machine_0004_n2000] already done, skipping
[machine_0002_n2000] already done, skipping
[machine_0002_n8000] already done, skipping
[machine_0004_n8000] already done, skipping
[machine_0003_n2000] already done, skipping
[machine_0005_n2000] already done, skipping
[machine_0005_n8000] already done, skipping
[machine_0009_n2000] already done, skipping
[machine_0008_n2000] already done, skipping
[machine_0008_n8000] already done, skipping
[machine_0009_n8000] already done, skipping
[machine_0010_n2000] already done, skipping
[machine_0007_n8000] already done, skipping
[machine_0011_n2000] already done, skipping
[machine_0010_n8000] already done, skipping
[machine_0003_n8000] already done, skipping
[machine_0012_n2000] already done, skipping
[machine_0011_n8000] already done, skipping
[machine_0013_n8000] already done, skipping
[machine_0012_n8000] already done, skipping
[machine_0013_n2000] already done, skipping
[machine_0015_n2000] already done, skipping
[machine_0007_n2000] already done, skipping
[machine_0014_n2000] start  tet=machine_0014_tet.vtk n=2000 h=0.05
[machine_0015_n8000] already done, skipping
[machine_0014_n8000] start  tet=machine_0014_tet.vtk n=8000 h=0.05
[machine_0016_n8000] already done, skipping
[machine_0016_n2000] already done, skipping
[machine_0018_n2000] already done, skipping
[machine_0017_n2000] already done, skipping
[machine_0017_n8000] already done, skipping
[machine_0018_n8000] start  tet=machine_0018_tet.vtk n=8000 h=0.05
[machine_0019_n2000] start  tet=machine_0019_tet.vtk n=2000 h=0.05
[machine_0020_n2000] start  tet=machine_0020_tet.vtk n=2000 h=0.05
[machine_0019_n8000] start  tet=machine_0019_tet.vtk n=8000 h=0.05
[machine_0020_n8000] start  tet=machine_0020_tet.vtk n=8000 h=0.05
[machine_0021_n2000] start  tet=machine_0021_tet.vtk n=2000 h=0.05
[machine_0022_n8000] start  tet=machine_0022_tet.vtk n=8000 h=0.05
[machine_0021_n8000] start  tet=machine_0021_tet.vtk n=8000 h=0.05
[machine_0022_n2000] start  tet=machine_0022_tet.vtk n=2000 h=0.05
[machine_0024_n2000] start  tet=machine_0024_tet.vtk n=2000 h=0.05
[machine_0023_n8000] start  tet=machine_0023_tet.vtk n=8000 h=0.05
[machine_0023_n2000] start  tet=machine_0023_tet.vtk n=2000 h=0.05
[machine_0024_n8000] start  tet=machine_0024_tet.vtk n=8000 h=0.05
[machine_0025_n8000] start  tet=machine_0025_tet.vtk n=8000 h=0.05
[machine_0025_n2000] start  tet=machine_0025_tet.vtk n=2000 h=0.05
[machine_0026_n2000] start  tet=machine_0026_tet.vtk n=2000 h=0.05
[machine_0027_n2000] start  tet=machine_0027_tet.vtk n=2000 h=0.05
[machine_0026_n8000] start  tet=machine_0026_tet.vtk n=8000 h=0.05
[machine_0028_n2000] start  tet=machine_0028_tet.vtk n=2000 h=0.05
[machine_0027_n8000] start  tet=machine_0027_tet.vtk n=8000 h=0.05
[machine_0029_n2000] start  tet=machine_0029_tet.vtk n=2000 h=0.05
[machine_0028_n8000] start  tet=machine_0028_tet.vtk n=8000 h=0.05
[machine_0030_n8000] start  tet=machine_0030_tet.vtk n=8000 h=0.05
[machine_0031_n2000] start  tet=machine_0031_tet.vtk n=2000 h=0.05
[machine_0029_n8000] start  tet=machine_0029_tet.vtk n=8000 h=0.05
[machine_0030_n2000] start  tet=machine_0030_tet.vtk n=2000 h=0.05
[machine_0031_n8000] start  tet=machine_0031_tet.vtk n=8000 h=0.05
[machine_0032_n2000] start  tet=machine_0032_tet.vtk n=2000 h=0.05
[machine_0032_n8000] start  tet=machine_0032_tet.vtk n=8000 h=0.05
[machine_0033_n2000] start  tet=machine_0033_tet.vtk n=2000 h=0.05
[machine_0033_n8000] start  tet=machine_0033_tet.vtk n=8000 h=0.05
[machine_0034_n8000] start  tet=machine_0034_tet.vtk n=8000 h=0.05
[machine_0034_n2000] start  tet=machine_0034_tet.vtk n=2000 h=0.05
[machine_0035_n8000] start  tet=machine_0035_tet.vtk n=8000 h=0.05
[machine_0036_n2000] start  tet=machine_0036_tet.vtk n=2000 h=0.05
[machine_0035_n2000] start  tet=machine_0035_tet.vtk n=2000 h=0.05
[machine_0037_n8000] start  tet=machine_0037_tet.vtk n=8000 h=0.05
[machine_0038_n8000] start  tet=machine_0038_tet.vtk n=8000 h=0.05
[machine_0038_n2000] start  tet=machine_0038_tet.vtk n=2000 h=0.05
[machine_0037_n2000] start  tet=machine_0037_tet.vtk n=2000 h=0.05
[machine_0036_n8000] start  tet=machine_0036_tet.vtk n=8000 h=0.05
[machine_0039_n8000] start  tet=machine_0039_tet.vtk n=8000 h=0.05
[machine_0040_n2000] start  tet=machine_0040_tet.vtk n=2000 h=0.05
[machine_0041_n2000] start  tet=machine_0041_tet.vtk n=2000 h=0.05
[machine_0040_n8000] start  tet=machine_0040_tet.vtk n=8000 h=0.05
[machine_0039_n2000] start  tet=machine_0039_tet.vtk n=2000 h=0.05
[mon] 15:55:12 load=0.53 14.60 28.89 run=5 hm_threads=0 memMB=15469
[mon] 15:56:12 load=22.42 17.70 29.02 run=49 hm_threads=48 memMB=21671
[mon] 15:57:12 load=38.61 23.22 30.21 run=49 hm_threads=48 memMB=20979
[mon] 15:58:12 load=44.99 27.84 31.36 run=66 hm_threads=48 memMB=20445
[mon] 15:59:12 load=47.64 31.72 32.48 run=49 hm_threads=48 memMB=20878
[mon] 16:00:13 load=48.03 34.75 33.47 run=49 hm_threads=48 memMB=23449
[mon] 16:01:13 load=48.01 37.16 34.38 run=49 hm_threads=48 memMB=32594
[mon] 16:02:13 load=48.03 39.30 35.31 run=49 hm_threads=48 memMB=47842
[mon] 16:03:13 load=48.01 40.88 36.11 run=50 hm_threads=48 memMB=60018
[mon] 16:04:13 load=48.00 42.18 36.86 run=49 hm_threads=48 memMB=82008
[mon] 16:05:14 load=48.07 43.26 37.56 run=49 hm_threads=48 memMB=86483
[mon] 16:06:14 load=48.22 44.18 38.24 run=49 hm_threads=48 memMB=85757
[mon] 16:07:14 load=48.24 44.93 38.87 run=49 hm_threads=48 memMB=86256
[mon] 16:08:14 load=48.12 45.50 39.45 run=49 hm_threads=48 memMB=80787
[mon] 16:09:15 load=48.23 46.01 40.00 run=49 hm_threads=48 memMB=83139
[mon] 16:10:15 load=48.39 46.46 40.54 run=49 hm_threads=48 memMB=85419
[mon] 16:11:15 load=48.45 46.84 41.04 run=49 hm_threads=48 memMB=79295
[mon] 16:12:15 load=48.36 47.11 41.50 run=49 hm_threads=47 memMB=76595
[mon] 16:13:15 load=48.43 47.36 41.94 run=50 hm_threads=46 memMB=77002
[mon] 16:14:16 load=48.46 47.57 42.35 run=49 hm_threads=42 memMB=69075
[machine_0036_n2000] OK     1173s, sample 341 KB, kept 1548 KB total
[machine_0041_n8000] start  tet=machine_0041_tet.vtk n=8000 h=0.05
[machine_0034_n2000] OK     1182s, sample 373 KB, kept 1129 KB total
[machine_0042_n2000] start  tet=machine_0042_tet.vtk n=2000 h=0.05
[mon] 16:15:16 load=48.32 47.70 42.72 run=48 hm_threads=42 memMB=65838
[machine_0030_n8000] OK     1211s, sample 379 KB, kept 1693 KB total
[machine_0042_n8000] start  tet=machine_0042_tet.vtk n=8000 h=0.05
[machine_0022_n2000] OK     1236s, sample 388 KB, kept 1209 KB total
[machine_0043_n2000] start  tet=machine_0043_tet.vtk n=2000 h=0.05
[machine_0023_n8000] OK     1246s, sample 380 KB, kept 2057 KB total
[machine_0043_n8000] start  tet=machine_0043_tet.vtk n=8000 h=0.05
[machine_0030_n2000] OK     1248s, sample 373 KB, kept 1193 KB total
[machine_0044_n2000] start  tet=machine_0044_tet.vtk n=2000 h=0.05
[mon] 16:16:16 load=48.18 47.77 43.06 run=49 hm_threads=40 memMB=60800
[machine_0033_n2000] OK     1287s, sample 363 KB, kept 1349 KB total
[machine_0044_n8000] start  tet=machine_0044_tet.vtk n=8000 h=0.05
[machine_0033_n8000] OK     1306s, sample 372 KB, kept 1825 KB total
[machine_0045_n2000] start  tet=machine_0045_tet.vtk n=2000 h=0.05
[machine_0031_n2000] OK     1322s, sample 350 KB, kept 1201 KB total
[machine_0045_n8000] start  tet=machine_0045_tet.vtk n=8000 h=0.05
[mon] 16:17:16 load=48.28 47.87 43.39 run=49 hm_threads=42 memMB=57554
[machine_0023_n2000] OK     1352s, sample 378 KB, kept 1206 KB total
[machine_0046_n2000] start  tet=machine_0046_tet.vtk n=2000 h=0.05
[machine_0036_n8000] OK     1356s, sample 346 KB, kept 1669 KB total
[machine_0046_n8000] start  tet=machine_0046_tet.vtk n=8000 h=0.05
[machine_0018_n8000] OK     1358s, sample 373 KB, kept 2124 KB total
[machine_0047_n2000] start  tet=machine_0047_tet.vtk n=2000 h=0.05
[mon] 16:18:17 load=48.31 47.96 43.71 run=49 hm_threads=44 memMB=60180
[machine_0019_n2000] OK     1422s, sample 359 KB, kept 1289 KB total
[machine_0047_n8000] start  tet=machine_0047_tet.vtk n=8000 h=0.05
[mon] 16:19:17 load=48.45 48.06 44.01 run=50 hm_threads=40 memMB=53066
[machine_0034_n8000] OK     1453s, sample 381 KB, kept 1964 KB total
[machine_0048_n2000] start  tet=machine_0048_tet.vtk n=2000 h=0.05
[machine_0022_n8000] OK     1463s, sample 385 KB, kept 1920 KB total
[machine_0048_n8000] start  tet=machine_0048_tet.vtk n=8000 h=0.05
[mon] 16:20:17 load=48.71 48.23 44.32 run=49 hm_threads=39 memMB=50803
[machine_0025_n2000] OK     1522s, sample 350 KB, kept 1201 KB total
[machine_0049_n2000] start  tet=machine_0049_tet.vtk n=2000 h=0.05
[machine_0021_n2000] OK     1524s, sample 368 KB, kept 1242 KB total
[machine_0049_n8000] start  tet=machine_0049_tet.vtk n=8000 h=0.05
[machine_0038_n8000] OK     1533s, sample 356 KB, kept 1665 KB total
[machine_0050_n2000] start  tet=machine_0050_tet.vtk n=2000 h=0.05
[machine_0028_n8000] OK     1540s, sample 364 KB, kept 1589 KB total
[machine_0050_n8000] start  tet=machine_0050_tet.vtk n=8000 h=0.05
[machine_0019_n8000] OK     1541s, sample 365 KB, kept 1769 KB total
[machine_0051_n2000] start  tet=machine_0051_tet.vtk n=2000 h=0.05
[mon] 16:21:17 load=49.22 48.48 44.66 run=49 hm_threads=43 memMB=50997
[machine_0026_n8000] OK     1572s, sample 387 KB, kept 1773 KB total
[machine_0051_n8000] start  tet=machine_0051_tet.vtk n=8000 h=0.05
[mon] 16:22:17 load=48.76 48.49 44.90 run=49 hm_threads=42 memMB=51630
[machine_0028_n2000] OK     1630s, sample 367 KB, kept 1565 KB total
[machine_0052_n2000] start  tet=machine_0052_tet.vtk n=2000 h=0.05
[machine_0025_n8000] OK     1651s, sample 357 KB, kept 1725 KB total
[machine_0052_n8000] start  tet=machine_0052_tet.vtk n=8000 h=0.05
[mon] 16:23:18 load=48.52 48.47 45.13 run=50 hm_threads=41 memMB=52522
[machine_0038_n2000] OK     1724s, sample 355 KB, kept 1229 KB total
[machine_0053_n2000] start  tet=machine_0053_tet.vtk n=2000 h=0.05
[machine_0026_n2000] OK     1741s, sample 374 KB, kept 1233 KB total
[machine_0053_n8000] start  tet=machine_0053_tet.vtk n=8000 h=0.05
[mon] 16:24:18 load=48.71 48.55 45.37 run=50 hm_threads=39 memMB=51696
[mon] 16:25:18 load=48.56 48.54 45.56 run=50 hm_threads=38 memMB=57518
[machine_0041_n2000] OK     1810s, sample 376 KB, kept 1541 KB total
[machine_0054_n2000] start  tet=machine_0054_tet.vtk n=2000 h=0.05
