[bisect3] host uc2n601.localdomain, job 6870239, 20:23:18
[bisect3] repo /pfs/work9/workspace/scratch/st_ac136362-hex3d/domain_partition_3D
[bisect3] ef   /home/st/st_us-042020/st_ac136362/eigenfrequencies
[bisect3] img  /pfs/work9/workspace/scratch/st_ac136362-eigenfreq/enroot-images/dtOO.sqsh
[bisect3] data /pfs/work9/workspace/scratch/st_ac136362-eigenfreq/enroot-data
[bisect3] --- P1 real mounts remapped --- 20:23:18
/root
MARK1
MARK2
MARK3
drwxr-xr-x 17 root root 4096 Sep  9 19:01 /ef
drwxr-xr-x 11 root root 4096 Sep 11 20:23 /repo
machine_0001
machine_0002
machine_0003
P1-OK
[bisect3] --- P1 real mounts remapped rc=0 --- 20:23:21
[bisect3] --- P1b real mounts same-path (production form) --- 20:23:21
drwxr-xr-x 17 root root 4096 Sep  9 19:01 /home/st/st_us-042020/st_ac136362/eigenfrequencies
drwxr-xr-x 11 root root 4096 Sep 11 20:23 /pfs/work9/workspace/scratch/st_ac136362-hex3d/domain_partition_3D
P1B-OK
[bisect3] --- P1b real mounts same-path (production form) rc=0 --- 20:23:22
[bisect3] --- P2 start WITHOUT < /dev/null (batch form) --- 20:23:22
P2-OK
[bisect3] --- P2 rc=0 --- 20:23:25
[bisect3] --- P3 sources --- 20:23:25
20:23:27
P3-OK
[bisect3] --- P3 sources rc=0 --- 20:23:27
[bisect3] --- P4a packages --- 20:23:27
Traceback (most recent call last):
3.13.14
  File "<string>", line 1, in <module>
    import sys; print(sys.version.split()[0]); import yaml, pydantic; print("P4A-PKG-OK")
                                               ^^^^^^^^^^^^^^^^^^^^^
ModuleNotFoundError: No module named 'pydantic'
Traceback (most recent call last):
3.13.14
  File "<string>", line 1, in <module>
    import sys; print(sys.version.split()[0]); import yaml, pydantic; print("P4A-PKG-OK")
                                               ^^^^^^^^^^^^^^^^^^^^^
ModuleNotFoundError: No module named 'pydantic'
srun: error: uc2n601: task 0: Exited with exit code 1
[bisect3] --- P4a packages rc=1 --- 20:23:32
[bisect3] --- P4b config --- 20:23:32
P4B-CFG-OK
P4B-CFG-OK
[bisect3] --- P4b config rc=0 --- 20:23:36
[bisect3] --- P4c bc.builders --- 20:23:36
P4C-BC-OK
P4C-BC-OK
[bisect3] --- P4c bc.builders rc=0 --- 20:23:43
[bisect3] --- P4d adapter --- 20:23:43
P4D-ADAPTER-OK 0.6
P4D-ADAPTER-OK 0.4
[bisect3] --- P4d adapter rc=0 --- 20:23:48
[bisect3] --- P5 single export --- 20:23:48
Traceback (most recent call last):
  File "<string>", line 1, in <module>
    import json, os, sys, time; sys.path.insert(0, "/ef/src"); from eigenfrequencies.adapters.dtoo.adapter import DtooAdapter; a = DtooAdapter("/ef/adapters/machines/tistos.yaml"); v = json.load(open("/repo/data/dataset/sobol/machine_0001/params.json")); out = "/repo/data/dataset/sobol/machine_0001/mesh.msh"; t = time.time(); a.export_mesh(v, output_msh=out + ".part"); os.replace(out + ".part", out); print("P5-EXPORT-OK", round(time.time() - t, 1))
                                                                                                                                                                                                                                                                                                                                        ~~~~~~~~~~~~~^^^^^^^^^^^^^^^^^^^^^^^^^^^^^
TypeError: DtooAdapter.export_mesh() got an unexpected keyword argument 'output_msh'
Traceback (most recent call last):
  File "<string>", line 1, in <module>
    import json, os, sys, time; sys.path.insert(0, "/ef/src"); from eigenfrequencies.adapters.dtoo.adapter import DtooAdapter; a = DtooAdapter("/ef/adapters/machines/tistos.yaml"); v = json.load(open("/repo/data/dataset/sobol/machine_0001/params.json")); out = "/repo/data/dataset/sobol/machine_0001/mesh.msh"; t = time.time(); a.export_mesh(v, output_msh=out + ".part"); os.replace(out + ".part", out); print("P5-EXPORT-OK", round(time.time() - t, 1))
                                                                                                                                                                                                                                                                                                                                        ~~~~~~~~~~~~~^^^^^^^^^^^^^^^^^^^^^^^^^^^^^
TypeError: DtooAdapter.export_mesh() got an unexpected keyword argument 'output_msh'
srun: error: uc2n601: task 0: Exited with exit code 1
[bisect3] --- P5 single export rc=1 --- 20:23:53
[bisect3] total 4
[bisect3] -rw-r--r-- 1 st_ac136362 st_us-042020 1028 Sep 11 13:54 params.json
[bisect3] --- P6 batch payload (generate_machines --export) --- 20:23:53
eigenfrequencies not found at /eigenfrequencies (set EIGENFREQUENCIES_ROOT)
eigenfrequencies not found at /eigenfrequencies (set EIGENFREQUENCIES_ROOT)
srun: error: uc2n601: task 0: Exited with exit code 1
[bisect3] --- P6 batch payload (generate_machines --export) rc=1 --- 20:23:59

[bisect3] summary: P1=0 P1b=0 P2=0 P3=0 P4a=1 P4b=0 P4c=0 P4d=0 P5=1 P6=1
[bisect3] log /pfs/work9/workspace/scratch/st_ac136362-hex3d/domain_partition_3D/experimentell/hex3d_algohex/logs/dtoo_bisect3_6870239.log
[bisect3] commit it: git add experimentell/hex3d_algohex/logs && git commit -m 'cluster: dtoo bisect3 log'
