[bisect3] host uc2n601.localdomain, job 6870145, 20:09:17
[bisect3] repo /pfs/work9/workspace/scratch/st_ac136362-hex3d/domain_partition_3D
[bisect3] ef   /home/st/st_us-042020/st_ac136362/eigenfrequencies
[bisect3] img  /pfs/work9/workspace/scratch/st_ac136362-eigenfreq/enroot-images/dtOO.sqsh
[bisect3] data /pfs/work9/workspace/scratch/st_ac136362-eigenfreq/enroot-data
[bisect3] --- P1 real mounts remapped --- 20:09:17
/root
MARK1
MARK2
MARK3
drwxr-xr-x 17 root root 4096 Sep  9 19:01 /ef
drwxr-xr-x 11 root root 4096 Sep 11 20:09 /repo
machine_0001
machine_0002
machine_0003
P1-OK
[bisect3] --- P1 real mounts remapped rc=0 --- 20:09:19
[bisect3] --- P1b real mounts same-path (production form) --- 20:09:19
drwxr-xr-x 17 root root 4096 Sep  9 19:01 /home/st/st_us-042020/st_ac136362/eigenfrequencies
drwxr-xr-x 11 root root 4096 Sep 11 20:09 /pfs/work9/workspace/scratch/st_ac136362-hex3d/domain_partition_3D
P1B-OK
[bisect3] --- P1b real mounts same-path (production form) rc=0 --- 20:09:21
[bisect3] --- P2 start WITHOUT < /dev/null (batch form) --- 20:09:21
P2-OK
[bisect3] --- P2 rc=0 --- 20:09:47
[bisect3] --- P3 sources --- 20:09:47
[ERROR] Invalid argument: /pfs/work9/workspace/scratch/st_ac136362-hex3d/domain_partition_3D:/repo
srun: error: uc2n601: task 0: Exited with exit code 1
[bisect3] --- P3 sources rc=1 --- 20:09:48
[bisect3] --- P4a packages --- 20:09:48
[ERROR] Invalid argument: /pfs/work9/workspace/scratch/st_ac136362-hex3d/domain_partition_3D:/repo
srun: error: uc2n601: task 0: Exited with exit code 1
[bisect3] --- P4a packages rc=1 --- 20:09:48
[bisect3] --- P4b config --- 20:09:48
[ERROR] Invalid argument: /pfs/work9/workspace/scratch/st_ac136362-hex3d/domain_partition_3D:/repo
srun: error: uc2n601: task 0: Exited with exit code 1
[bisect3] --- P4b config rc=1 --- 20:09:49
[bisect3] --- P4c bc.builders --- 20:09:49
[ERROR] Invalid argument: /pfs/work9/workspace/scratch/st_ac136362-hex3d/domain_partition_3D:/repo
srun: error: uc2n601: task 0: Exited with exit code 1
[bisect3] --- P4c bc.builders rc=1 --- 20:09:49
[bisect3] --- P4d adapter --- 20:09:49
[ERROR] Invalid argument: /pfs/work9/workspace/scratch/st_ac136362-hex3d/domain_partition_3D:/repo
srun: error: uc2n601: task 0: Exited with exit code 1
[bisect3] --- P4d adapter rc=1 --- 20:09:49
[bisect3] --- P5 single export --- 20:09:49
[ERROR] Invalid argument: /pfs/work9/workspace/scratch/st_ac136362-hex3d/domain_partition_3D:/repo
srun: error: uc2n601: task 0: Exited with exit code 1
[bisect3] --- P5 single export rc=1 --- 20:09:49
[bisect3] total 4
[bisect3] -rw-r--r-- 1 st_ac136362 st_us-042020 1028 Sep 11 13:54 params.json

[bisect3] summary: P1=0 P1b=0 P2=0 P3=1 P4a=1 P4b=1 P4c=1 P4d=1 P5=1
[bisect3] log /pfs/work9/workspace/scratch/st_ac136362-hex3d/domain_partition_3D/experimentell/hex3d_algohex/logs/dtoo_bisect3_6870145.log
[bisect3] commit it: git add experimentell/hex3d_algohex/logs && git commit -m 'cluster: dtoo bisect3 log'
